Archive member included to satisfy reference by file (symbol)

c:/program files (x86)/atmel/studio/7.0/toolchain/arm/arm-gnu-toolchain/bin/../lib/gcc/arm-none-eabi/6.3.1/thumb/v6-m\libgcc.a(_udivsi3.o)
                              src/ASF/common2/services/delay/sam0/systick_counter.o (__aeabi_uidiv)
c:/program files (x86)/atmel/studio/7.0/toolchain/arm/arm-gnu-toolchain/bin/../lib/gcc/arm-none-eabi/6.3.1/thumb/v6-m\libgcc.a(_divsi3.o)
                              src/ASF/thirdparty/fatfs/fatfs-r0.09/src/ff.o (__aeabi_idiv)
c:/program files (x86)/atmel/studio/7.0/toolchain/arm/arm-gnu-toolchain/bin/../lib/gcc/arm-none-eabi/6.3.1/thumb/v6-m\libgcc.a(_dvmd_tls.o)
                              c:/program files (x86)/atmel/studio/7.0/toolchain/arm/arm-gnu-toolchain/bin/../lib/gcc/arm-none-eabi/6.3.1/thumb/v6-m\libgcc.a(_udivsi3.o) (__aeabi_idiv0)
c:/program files (x86)/atmel/studio/7.0/toolchain/arm/arm-gnu-toolchain/bin/../lib/gcc/arm-none-eabi/6.3.1/thumb/v6-m\libgcc.a(_muldi3.o)
                              src/ASF/sam0/drivers/sercom/sercom.o (__aeabi_lmul)
c:/program files (x86)/atmel/studio/7.0/toolchain/arm/arm-gnu-toolchain/bin/../lib/gcc/arm-none-eabi/6.3.1/thumb/v6-m\libgcc.a(adddf3.o)
                              src/ASF/sam0/drivers/sercom/i2c/i2c_sam0/i2c_master.o (__aeabi_dadd)
c:/program files (x86)/atmel/studio/7.0/toolchain/arm/arm-gnu-toolchain/bin/../lib/gcc/arm-none-eabi/6.3.1/thumb/v6-m\libgcc.a(divdf3.o)
                              src/ASF/sam0/drivers/sercom/i2c/i2c_sam0/i2c_master.o (__aeabi_ddiv)
c:/program files (x86)/atmel/studio/7.0/toolchain/arm/arm-gnu-toolchain/bin/../lib/gcc/arm-none-eabi/6.3.1/thumb/v6-m\libgcc.a(muldf3.o)
                              src/ASF/sam0/drivers/sercom/i2c/i2c_sam0/i2c_master.o (__aeabi_dmul)
c:/program files (x86)/atmel/studio/7.0/toolchain/arm/arm-gnu-toolchain/bin/../lib/gcc/arm-none-eabi/6.3.1/thumb/v6-m\libgcc.a(subdf3.o)
                              src/ASF/sam0/drivers/sercom/i2c/i2c_sam0/i2c_master.o (__aeabi_dsub)
c:/program files (x86)/atmel/studio/7.0/toolchain/arm/arm-gnu-toolchain/bin/../lib/gcc/arm-none-eabi/6.3.1/thumb/v6-m\libgcc.a(fixdfsi.o)
                              src/ASF/sam0/drivers/sercom/i2c/i2c_sam0/i2c_master.o (__aeabi_d2iz)
c:/program files (x86)/atmel/studio/7.0/toolchain/arm/arm-gnu-toolchain/bin/../lib/gcc/arm-none-eabi/6.3.1/thumb/v6-m\libgcc.a(floatunsidf.o)
                              src/ASF/sam0/drivers/sercom/i2c/i2c_sam0/i2c_master.o (__aeabi_ui2d)
c:/program files (x86)/atmel/studio/7.0/toolchain/arm/arm-gnu-toolchain/bin/../lib/gcc/arm-none-eabi/6.3.1/thumb/v6-m\libgcc.a(_clzsi2.o)
                              c:/program files (x86)/atmel/studio/7.0/toolchain/arm/arm-gnu-toolchain/bin/../lib/gcc/arm-none-eabi/6.3.1/thumb/v6-m\libgcc.a(adddf3.o) (__clzsi2)
c:/program files (x86)/atmel/studio/7.0/toolchain/arm/arm-gnu-toolchain/bin/../lib/gcc/arm-none-eabi/6.3.1/../../../../arm-none-eabi/lib/thumb/v6-m\libc_nano.a(lib_a-exit.o)
                              c:/program files (x86)/atmel/studio/7.0/toolchain/arm/arm-gnu-toolchain/bin/../lib/gcc/arm-none-eabi/6.3.1/../../../../arm-none-eabi/lib/thumb/v6-m/crt0.o (exit)
c:/program files (x86)/atmel/studio/7.0/toolchain/arm/arm-gnu-toolchain/bin/../lib/gcc/arm-none-eabi/6.3.1/../../../../arm-none-eabi/lib/thumb/v6-m\libc_nano.a(lib_a-impure.o)
                              c:/program files (x86)/atmel/studio/7.0/toolchain/arm/arm-gnu-toolchain/bin/../lib/gcc/arm-none-eabi/6.3.1/../../../../arm-none-eabi/lib/thumb/v6-m\libc_nano.a(lib_a-exit.o) (_global_impure_ptr)
c:/program files (x86)/atmel/studio/7.0/toolchain/arm/arm-gnu-toolchain/bin/../lib/gcc/arm-none-eabi/6.3.1/../../../../arm-none-eabi/lib/thumb/v6-m\libc_nano.a(lib_a-init.o)
                              c:/program files (x86)/atmel/studio/7.0/toolchain/arm/arm-gnu-toolchain/bin/../lib/gcc/arm-none-eabi/6.3.1/../../../../arm-none-eabi/lib/thumb/v6-m/crt0.o (__libc_init_array)
c:/program files (x86)/atmel/studio/7.0/toolchain/arm/arm-gnu-toolchain/bin/../lib/gcc/arm-none-eabi/6.3.1/../../../../arm-none-eabi/lib/thumb/v6-m\libc_nano.a(lib_a-malloc.o)
                              src/SerialConsole/circular_buffer.o (malloc)
c:/program files (x86)/atmel/studio/7.0/toolchain/arm/arm-gnu-toolchain/bin/../lib/gcc/arm-none-eabi/6.3.1/../../../../arm-none-eabi/lib/thumb/v6-m\libc_nano.a(lib_a-memset.o)
                              c:/program files (x86)/atmel/studio/7.0/toolchain/arm/arm-gnu-toolchain/bin/../lib/gcc/arm-none-eabi/6.3.1/../../../../arm-none-eabi/lib/thumb/v6-m/crt0.o (memset)
c:/program files (x86)/atmel/studio/7.0/toolchain/arm/arm-gnu-toolchain/bin/../lib/gcc/arm-none-eabi/6.3.1/../../../../arm-none-eabi/lib/thumb/v6-m\libc_nano.a(lib_a-nano-freer.o)
                              c:/program files (x86)/atmel/studio/7.0/toolchain/arm/arm-gnu-toolchain/bin/../lib/gcc/arm-none-eabi/6.3.1/../../../../arm-none-eabi/lib/thumb/v6-m\libc_nano.a(lib_a-malloc.o) (_free_r)
[...]
Memory Configuration

Name             Origin             Length             Attributes
rom              0x00000000         0x00040000         xr
ram              0x20000000         0x00008000         xrw
*default*        0x00000000         0xffffffff

Linker script and memory map

LOAD c:/program files (x86)/atmel/studio/7.0/toolchain/arm/arm-gnu-toolchain/bin/../lib/gcc/arm-none-eabi/6.3.1/thumb/v6-m/crti.o
LOAD c:/program files (x86)/atmel/studio/7.0/toolchain/arm/arm-gnu-toolchain/bin/../lib/gcc/arm-none-eabi/6.3.1/thumb/v6-m/crtbegin.o
LOAD c:/program files (x86)/atmel/studio/7.0/toolchain/arm/arm-gnu-toolchain/bin/../lib/gcc/arm-none-eabi/6.3.1/../../../../arm-none-eabi/lib/thumb/v6-m/crt0.o
LOAD src/ASF/common2/services/delay/sam0/systick_counter.o
LOAD src/ASF/sam0/drivers/sercom/i2c/i2c_sam0/i2c_master.o
LOAD src/Systick/Systick.o
LOAD src/ASF/common/services/crc32/crc32.o
LOAD src/ASF/sam0/boards/board_init.o
LOAD src/ASF/sam0/drivers/dsu/crc32/crc32.o
LOAD src/ASF/sam0/drivers/nvm/nvm.o
LOAD src/ASF/sam0/drivers/pac/pac_sam_d_r_h/pac.o
LOAD src/SD Card/SdCard.o
LOAD src/SerialConsole/circular_buffer.o
LOAD src/SerialConsole/SerialConsole.o
LOAD src/ASF/common2/components/memory/sd_mmc/sd_mmc.o
LOAD src/ASF/common2/components/memory/sd_mmc/sd_mmc_mem.o
LOAD src/ASF/common2/components/memory/sd_mmc/sd_mmc_spi.o
LOAD src/ASF/common/services/storage/ctrl_access/ctrl_access.o
LOAD src/ASF/common/utils/interrupt/interrupt_sam_nvic.o
LOAD src/ASF/sam0/drivers/port/port.o
LOAD src/ASF/sam0/drivers/rtc/rtc_sam_d_r_h/rtc_calendar.o
LOAD src/ASF/sam0/drivers/sercom/sercom.o
LOAD src/ASF/sam0/drivers/sercom/sercom_interrupt.o
LOAD src/ASF/sam0/drivers/sercom/spi/spi.o
LOAD src/ASF/sam0/drivers/sercom/spi/spi_interrupt.o
LOAD src/ASF/sam0/drivers/sercom/usart/usart.o
LOAD src/ASF/sam0/drivers/sercom/usart/usart_interrupt.o
LOAD src/ASF/sam0/drivers/system/clock/clock_samd21_r21_da_ha1/clock.o
LOAD src/ASF/sam0/drivers/system/clock/clock_samd21_r21_da_ha1/gclk.o
LOAD src/ASF/sam0/drivers/system/interrupt/system_interrupt.o
LOAD src/ASF/sam0/drivers/system/pinmux/pinmux.o
LOAD src/ASF/sam0/drivers/system/system.o
LOAD src/ASF/sam0/utils/cmsis/samd21/source/gcc/startup_samd21.o
LOAD src/ASF/sam0/utils/cmsis/samd21/source/system_samd21.o
LOAD src/ASF/sam0/utils/stdio/read.o
LOAD src/ASF/sam0/utils/stdio/write.o
LOAD src/ASF/sam0/utils/syscalls/gcc/syscalls.o
LOAD src/ASF/thirdparty/fatfs/fatfs-port-r0.09/diskio.o
LOAD src/ASF/thirdparty/fatfs/fatfs-port-r0.09/sam0/fattime_rtc.o
LOAD src/ASF/thirdparty/fatfs/fatfs-r0.09/src/ff.o
LOAD src/ASF/thirdparty/fatfs/fatfs-r0.09/src/option/ccsbcs.o
LOAD src/BootMain.o
START GROUP
LOAD ../src/ASF/thirdparty/CMSIS/Lib/GCC\libarm_cortexM0l_math.a
LOAD c:/program files (x86)/atmel/studio/7.0/toolchain/arm/arm-gnu-toolchain/bin/../lib/gcc/arm-none-eabi/6.3.1/../../../../arm-none-eabi/lib/thumb/v6-m\libm.a
END GROUP
                0x00002000                __stack_size__ = 0x2000
START GROUP
LOAD c:/program files (x86)/atmel/studio/7.0/toolchain/arm/arm-gnu-toolchain/bin/../lib/gcc/arm-none-eabi/6.3.1/thumb/v6-m\libgcc.a
LOAD c:/program files (x86)/atmel/studio/7.0/toolchain/arm/arm-gnu-toolchain/bin/../lib/gcc/arm-none-eabi/6.3.1/../../../../arm-none-eabi/lib/thumb/v6-m\libc_nano.a
END GROUP
START GROUP
LOAD c:/program files (x86)/atmel/studio/7.0/toolchain/arm/arm-gnu-toolchain/bin/../lib/gcc/arm-none-eabi/6.3.1/thumb/v6-m\libgcc.a
LOAD c:/program files (x86)/atmel/studio/7.0/toolchain/arm/arm-gnu-toolchain/bin/../lib/gcc/arm-none-eabi/6.3.1/../../../../arm-none-eabi/lib/thumb/v6-m\libc_nano.a
END GROUP
LOAD c:/program files (x86)/atmel/studio/7.0/toolchain/arm/arm-gnu-toolchain/bin/../lib/gcc/arm-none-eabi/6.3.1/thumb/v6-m/crtend.o
LOAD c:/program files (x86)/atmel/studio/7.0/toolchain/arm/arm-gnu-toolchain/bin/../lib/gcc/arm-none-eabi/6.3.1/thumb/v6-m/crtn.o
                0x00002000                STACK_SIZE = DEFINED (STACK_SIZE)?STACK_SIZE:DEFINED (__stack_size__)?__stack_size__:0x2000

.text           0x00000000     0x25d8
                0x00000000                . = ALIGN (0x4)
                0x00000000                _sfixed = .
 *(.vectors .vectors.*)
 .vectors       0x00000000       0xb4 src/ASF/sam0/utils/cmsis/samd21/source/gcc/startup_samd21.o
                0x00000000                exception_table
 *(.text .text.* .gnu.linkonce.t.*)
 .text          0x000000b4       0x60 c:/program files (x86)/atmel/studio/7.0/toolchain/arm/arm-gnu-toolchain/bin/../lib/gcc/arm-none-eabi/6.3.1/thumb/v6-m/crtbegin.o
 .text.delay_init
                0x00000114       0x40 src/ASF/common2/services/delay/sam0/systick_counter.o
                0x00000114                delay_init
 .text.delay_cycles_ms
                0x00000154       0x2c src/ASF/common2/services/delay/sam0/systick_counter.o
                0x00000154                delay_cycles_ms
 .text.SysTick_Handler
                0x00000180       0x10 src/Systick/Systick.o
                0x00000180                SysTick_Handler
 .text.system_board_init
                0x00000190       0x38 src/ASF/sam0/boards/board_init.o
                0x00000190                board_init
                0x00000190                system_board_init
 .text.nvm_set_config
                0x000001c8       0x88 src/ASF/sam0/drivers/nvm/nvm.o
                0x000001c8                nvm_set_config
 .text.advance_pointer
                0x00000250       0x34 src/SerialConsole/circular_buffer.o
 .text.circular_buf_init
                0x00000284       0x20 src/SerialConsole/circular_buffer.o
                0x00000284                circular_buf_init
 .text.circular_buf_put
                0x000002a4       0x14 src/SerialConsole/circular_buffer.o
                0x000002a4                circular_buf_put
 .text.circular_buf_empty
                0x000002b8       0x18 src/SerialConsole/circular_buffer.o
                0x000002b8                circular_buf_empty
 .text.circular_buf_get
                0x000002d0       0x38 src/SerialConsole/circular_buffer.o
                0x000002d0                circular_buf_get
 .text.usart_serial_getchar
                0x00000308       0x2c src/SerialConsole/SerialConsole.o
 .text.usart_serial_putchar
                0x00000334       0x18 src/SerialConsole/SerialConsole.o
 .text.usart_write_callback
                0x0000034c       0x30 src/SerialConsole/SerialConsole.o
                0x0000034c                usart_write_callback
 .text.InitializeSerialConsole
                0x0000037c      0x168 src/SerialConsole/SerialConsole.o
                0x0000037c                InitializeSerialConsole
 .text.DeinitializeSerialConsole
                0x000004e4       0x38 src/SerialConsole/SerialConsole.o
                0x000004e4                DeinitializeSerialConsole
 .text.SerialConsoleWriteString
                0x0000051c       0x74 src/SerialConsole/SerialConsole.o
                0x0000051c                SerialConsoleWriteString
 .text.usart_read_callback
                0x00000590       0x54 src/SerialConsole/SerialConsole.o
                0x00000590                usart_read_callback
 .text.cpu_irq_enter_critical
                0x000005e4       0x40 src/ASF/common/utils/interrupt/interrupt_sam_nvic.o
                0x000005e4                cpu_irq_enter_critical
 .text.cpu_irq_leave_critical
                0x00000624       0x30 src/ASF/common/utils/interrupt/interrupt_sam_nvic.o
                0x00000624                cpu_irq_leave_critical
 .text.port_pin_set_config
                0x00000654       0x24 src/ASF/sam0/drivers/port/port.o
                0x00000654                port_pin_set_config
 .text.long_division
                0x00000678       0xba src/ASF/sam0/drivers/sercom/sercom.o
 .text._sercom_get_sync_baud_val
                0x00000732       0x28 src/ASF/sam0/drivers/sercom/sercom.o
                0x00000732                _sercom_get_sync_baud_val
 *fill*         0x0000075a        0x2 
 .text._sercom_get_async_baud_val
                0x0000075c       0x94 src/ASF/sam0/drivers/sercom/sercom.o
                0x0000075c                _sercom_get_async_baud_val
 .text.sercom_set_gclk_generator
                0x000007f0       0x4c src/ASF/sam0/drivers/sercom/sercom.o
                0x000007f0                sercom_set_gclk_generator
 .text._sercom_get_default_pad
                0x0000083c      0x178 src/ASF/sam0/drivers/sercom/sercom.o
                0x0000083c                _sercom_get_default_pad
 .text._sercom_get_sercom_inst_index
                0x000009b4       0x38 src/ASF/sam0/drivers/sercom/sercom.o
                0x000009b4                _sercom_get_sercom_inst_index
 .text._sercom_default_handler
                0x000009ec        0x2 src/ASF/sam0/drivers/sercom/sercom_interrupt.o
 *fill*         0x000009ee        0x2 
 .text._sercom_set_handler
                0x000009f0       0x3c src/ASF/sam0/drivers/sercom/sercom_interrupt.o
                0x000009f0                _sercom_set_handler
 .text._sercom_get_interrupt_vector
                0x00000a2c       0x30 src/ASF/sam0/drivers/sercom/sercom_interrupt.o
                0x00000a2c                _sercom_get_interrupt_vector
 .text.SERCOM0_Handler
                0x00000a5c       0x10 src/ASF/sam0/drivers/sercom/sercom_interrupt.o
                0x00000a5c                SERCOM0_Handler
 .text.SERCOM1_Handler
                0x00000a6c       0x10 src/ASF/sam0/drivers/sercom/sercom_interrupt.o
                0x00000a6c                SERCOM1_Handler
 .text.SERCOM2_Handler
                0x00000a7c       0x10 src/ASF/sam0/drivers/sercom/sercom_interrupt.o
                0x00000a7c                SERCOM2_Handler
 .text.SERCOM3_Handler
                0x00000a8c       0x10 src/ASF/sam0/drivers/sercom/sercom_interrupt.o
                0x00000a8c                SERCOM3_Handler
 .text.SERCOM4_Handler
                0x00000a9c       0x10 src/ASF/sam0/drivers/sercom/sercom_interrupt.o
                0x00000a9c                SERCOM4_Handler
 .text.SERCOM5_Handler
                0x00000aac       0x10 src/ASF/sam0/drivers/sercom/sercom_interrupt.o
                0x00000aac                SERCOM5_Handler
 .text.usart_init
                0x00000abc      0x344 src/ASF/sam0/drivers/sercom/usart/usart.o
                0x00000abc                usart_init
 .text.usart_write_wait
                0x00000e00       0x2c src/ASF/sam0/drivers/sercom/usart/usart.o
                0x00000e00                usart_write_wait
 .text.usart_read_wait
                0x00000e2c       0x70 src/ASF/sam0/drivers/sercom/usart/usart.o
                0x00000e2c                usart_read_wait
 .text._usart_write_buffer
                0x00000e9c       0x3c src/ASF/sam0/drivers/sercom/usart/usart_interrupt.o
                0x00000e9c                _usart_write_buffer
 .text._usart_read_buffer
                0x00000ed8       0x50 src/ASF/sam0/drivers/sercom/usart/usart_interrupt.o
                0x00000ed8                _usart_read_buffer
 .text.usart_register_callback
                0x00000f28       0x18 src/ASF/sam0/drivers/sercom/usart/usart_interrupt.o
                0x00000f28                usart_register_callback
 .text.usart_write_buffer_job
                0x00000f40       0x20 src/ASF/sam0/drivers/sercom/usart/usart_interrupt.o
                0x00000f40                usart_write_buffer_job
 .text.usart_read_buffer_job
                0x00000f60       0x20 src/ASF/sam0/drivers/sercom/usart/usart_interrupt.o
                0x00000f60                usart_read_buffer_job
 .text.usart_get_job_status
                0x00000f80       0x1c src/ASF/sam0/drivers/sercom/usart/usart_interrupt.o
                0x00000f80                usart_get_job_status
 .text._usart_interrupt_handler
                0x00000f9c      0x194 src/ASF/sam0/drivers/sercom/usart/usart_interrupt.o
                0x00000f9c                _usart_interrupt_handler
 .text.system_clock_source_get_hz
                0x00001130       0x94 src/ASF/sam0/drivers/system/clock/clock_samd21_r21_da_ha1/clock.o
                0x00001130                system_clock_source_get_hz
 .text.system_clock_source_osc8m_set_config
                0x000011c4       0x3c src/ASF/sam0/drivers/system/clock/clock_samd21_r21_da_ha1/clock.o
                0x000011c4                system_clock_source_osc8m_set_config
 .text.system_clock_source_xosc32k_set_config
                0x00001200       0xb8 src/ASF/sam0/drivers/system/clock/clock_samd21_r21_da_ha1/clock.o
                0x00001200                system_clock_source_xosc32k_set_config
 .text.system_clock_source_dfll_set_config
                0x000012b8       0x80 src/ASF/sam0/drivers/system/clock/clock_samd21_r21_da_ha1/clock.o
                0x000012b8                system_clock_source_dfll_set_config
 .text.system_clock_source_enable
                0x00001338       0xa8 src/ASF/sam0/drivers/system/clock/clock_samd21_r21_da_ha1/clock.o
                0x00001338                system_clock_source_enable
 .text.system_clock_init
                0x000013e0      0x154 src/ASF/sam0/drivers/system/clock/clock_samd21_r21_da_ha1/clock.o
                0x000013e0                system_clock_init
 .text.system_gclk_init
                0x00001534       0x24 src/ASF/sam0/drivers/system/clock/clock_samd21_r21_da_ha1/gclk.o
                0x00001534                system_gclk_init
 .text.system_gclk_gen_set_config
                0x00001558       0xb8 src/ASF/sam0/drivers/system/clock/clock_samd21_r21_da_ha1/gclk.o
                0x00001558                system_gclk_gen_set_config
 .text.system_gclk_gen_enable
                0x00001610       0x44 src/ASF/sam0/drivers/system/clock/clock_samd21_r21_da_ha1/gclk.o
                0x00001610                system_gclk_gen_enable
 .text.system_gclk_gen_get_hz
                0x00001654       0x8c src/ASF/sam0/drivers/system/clock/clock_samd21_r21_da_ha1/gclk.o
                0x00001654                system_gclk_gen_get_hz
 .text.system_gclk_chan_enable
                0x000016e0       0x30 src/ASF/sam0/drivers/system/clock/clock_samd21_r21_da_ha1/gclk.o
                0x000016e0                system_gclk_chan_enable
 .text.system_gclk_chan_disable
                0x00001710       0x5c src/ASF/sam0/drivers/system/clock/clock_samd21_r21_da_ha1/gclk.o
                0x00001710                system_gclk_chan_disable
 .text.system_gclk_chan_set_config
                0x0000176c       0x1c src/ASF/sam0/drivers/system/clock/clock_samd21_r21_da_ha1/gclk.o
                0x0000176c                system_gclk_chan_set_config
 .text.system_gclk_chan_get_hz
                0x00001788       0x34 src/ASF/sam0/drivers/system/clock/clock_samd21_r21_da_ha1/gclk.o
                0x00001788                system_gclk_chan_get_hz
 .text._system_pinmux_config
                0x000017bc       0xa8 src/ASF/sam0/drivers/system/pinmux/pinmux.o
 .text.system_pinmux_pin_set_config
                0x00001864       0x30 src/ASF/sam0/drivers/system/pinmux/pinmux.o
                0x00001864                system_pinmux_pin_set_config
 .text._system_dummy_init
                0x00001894        0x2 src/ASF/sam0/drivers/system/system.o
                0x00001894                _system_extint_init
                0x00001894                _system_events_init
                0x00001894                _system_dummy_init
                0x00001894                _system_divas_init
 *fill*         0x00001896        0x2 
 .text.system_init
                0x00001898       0x2c src/ASF/sam0/drivers/system/system.o
                0x00001898                system_init
 .text.Dummy_Handler
                0x000018c4        0x2 src/ASF/sam0/utils/cmsis/samd21/source/gcc/startup_samd21.o
                0x000018c4                DMAC_Handler
                0x000018c4                HardFault_Handler
                0x000018c4                AC_Handler
                0x000018c4                PendSV_Handler
                0x000018c4                NMI_Handler
                0x000018c4                ADC_Handler
                0x000018c4                TCC1_Handler
                0x000018c4                TCC0_Handler
                0x000018c4                RTC_Handler
                0x000018c4                EIC_Handler
                0x000018c4                WDT_Handler
                0x000018c4                TC4_Handler
                0x000018c4                USB_Handler
                0x000018c4                TC3_Handler
                0x000018c4                Dummy_Handler
                0x000018c4                PM_Handler
                0x000018c4                SVC_Handler
                0x000018c4                TCC2_Handler
                0x000018c4                EVSYS_Handler
                0x000018c4                I2S_Handler
                0x000018c4                NVMCTRL_Handler
                0x000018c4                DAC_Handler
                0x000018c4                PTC_Handler
                0x000018c4                TC5_Handler
                0x000018c4                SYSCTRL_Handler
 *fill*         0x000018c6        0x2 
 .text.Reset_Handler
                0x000018c8       0xe4 src/ASF/sam0/utils/cmsis/samd21/source/gcc/startup_samd21.o
                0x000018c8                Reset_Handler
 .text._read    0x000019ac       0x44 src/ASF/sam0/utils/stdio/read.o
                0x000019ac                _read
 .text._write   0x000019f0       0x50 src/ASF/sam0/utils/stdio/write.o
                0x000019f0                _write
 .text._sbrk    0x00001a40       0x24 src/ASF/sam0/utils/syscalls/gcc/syscalls.o
                0x00001a40                _sbrk
 .text._close   0x00001a64        0x6 src/ASF/sam0/utils/syscalls/gcc/syscalls.o
                0x00001a64                _close
 .text._fstat   0x00001a6a        0xa src/ASF/sam0/utils/syscalls/gcc/syscalls.o
                0x00001a6a                _fstat
 .text._lseek   0x00001a74        0x4 src/ASF/sam0/utils/syscalls/gcc/syscalls.o
                0x00001a74                _lseek
 .text.main     0x00001a78       0xb4 src/BootMain.o
                0x00001a78                main
 .text          0x00001b2c      0x114 c:/program files (x86)/atmel/studio/7.0/toolchain/arm/arm-gnu-toolchain/bin/../lib/gcc/arm-none-eabi/6.3.1/thumb/v6-m\libgcc.a(_udivsi3.o)
                0x00001b2c                __aeabi_uidiv
                0x00001b2c                __udivsi3
                0x00001c38                __aeabi_uidivmod
 .text          0x00001c40        0x4 c:/program files (x86)/atmel/studio/7.0/toolchain/arm/arm-gnu-toolchain/bin/../lib/gcc/arm-none-eabi/6.3.1/thumb/v6-m\libgcc.a(_dvmd_tls.o)
                0x00001c40                __aeabi_idiv0
                0x00001c40                __aeabi_ldiv0
 .text          0x00001c44       0x54 c:/program files (x86)/atmel/studio/7.0/toolchain/arm/arm-gnu-toolchain/bin/../lib/gcc/arm-none-eabi/6.3.1/thumb/v6-m\libgcc.a(_muldi3.o)
                0x00001c44                __muldi3
                0x00001c44                __aeabi_lmul
 .text.__libc_init_array
                0x00001c98       0x48 c:/program files (x86)/atmel/studio/7.0/toolchain/arm/arm-gnu-toolchain/bin/../lib/gcc/arm-none-eabi/6.3.1/../../../../arm-none-eabi/lib/thumb/v6-m\libc_nano.a(lib_a-init.o)
                0x00001c98                __libc_init_array
 .text.malloc   0x00001ce0       0x14 c:/program files (x86)/atmel/studio/7.0/toolchain/arm/arm-gnu-toolchain/bin/../lib/gcc/arm-none-eabi/6.3.1/../../../../arm-none-eabi/lib/thumb/v6-m\libc_nano.a(lib_a-malloc.o)
                0x00001ce0                malloc
 .text.memset   0x00001cf4       0x10 c:/program files (x86)/atmel/studio/7.0/toolchain/arm/arm-gnu-toolchain/bin/../lib/gcc/arm-none-eabi/6.3.1/../../../../arm-none-eabi/lib/thumb/v6-m\libc_nano.a(lib_a-memset.o)
                0x00001cf4                memset
 .text._free_r  0x00001d04       0x94 c:/program files (x86)/atmel/studio/7.0/toolchain/arm/arm-gnu-toolchain/bin/../lib/gcc/arm-none-eabi/6.3.1/../../../../arm-none-eabi/lib/thumb/v6-m\libc_nano.a(lib_a-nano-freer.o)
                0x00001d04                _free_r
 .text._malloc_r
                0x00001d98       0xbc c:/program files (x86)/atmel/studio/7.0/toolchain/arm/arm-gnu-toolchain/bin/../lib/gcc/arm-none-eabi/6.3.1/../../../../arm-none-eabi/lib/thumb/v6-m\libc_nano.a(lib_a-nano-mallocr.o)
                0x00001d98                _malloc_r
 .text._sbrk_r  0x00001e54       0x24 c:/program files (x86)/atmel/studio/7.0/toolchain/arm/arm-gnu-toolchain/bin/../lib/gcc/arm-none-eabi/6.3.1/../../../../arm-none-eabi/lib/thumb/v6-m\libc_nano.a(lib_a-sbrkr.o)
                0x00001e54                _sbrk_r
 .text.setbuf   0x00001e78       0x12 c:/program files (x86)/atmel/studio/7.0/toolchain/arm/arm-gnu-toolchain/bin/../lib/gcc/arm-none-eabi/6.3.1/../../../../arm-none-eabi/lib/thumb/v6-m\libc_nano.a(lib_a-setbuf.o)
                0x00001e78                setbuf
 *fill*         0x00001e8a        0x2 
 .text.setvbuf  0x00001e8c      0x158 c:/program files (x86)/atmel/studio/7.0/toolchain/arm/arm-gnu-toolchain/bin/../lib/gcc/arm-none-eabi/6.3.1/../../../../arm-none-eabi/lib/thumb/v6-m\libc_nano.a(lib_a-setvbuf.o)
                0x00001e8c                setvbuf
 .text          0x00001fe4        0xe c:/program files (x86)/atmel/studio/7.0/toolchain/arm/arm-gnu-toolchain/bin/../lib/gcc/arm-none-eabi/6.3.1/../../../../arm-none-eabi/lib/thumb/v6-m\libc_nano.a(lib_a-strlen.o)
                0x00001fe4                strlen
 *fill*         0x00001ff2        0x2 
 .text.__sflush_r
                0x00001ff4      0x114 c:/program files (x86)/atmel/studio/7.0/toolchain/arm/arm-gnu-toolchain/bin/../lib/gcc/arm-none-eabi/6.3.1/../../../../arm-none-eabi/lib/thumb/v6-m\libc_nano.a(lib_a-fflush.o)
                0x00001ff4                __sflush_r
 .text._fflush_r
                0x00002108       0x58 c:/program files (x86)/atmel/studio/7.0/toolchain/arm/arm-gnu-toolchain/bin/../lib/gcc/arm-none-eabi/6.3.1/../../../../arm-none-eabi/lib/thumb/v6-m\libc_nano.a(lib_a-fflush.o)
                0x00002108                _fflush_r
 .text._cleanup_r
                0x00002160       0x10 c:/program files (x86)/atmel/studio/7.0/toolchain/arm/arm-gnu-toolchain/bin/../lib/gcc/arm-none-eabi/6.3.1/../../../../arm-none-eabi/lib/thumb/v6-m\libc_nano.a(lib_a-findfp.o)
                0x00002160                _cleanup_r
 .text.std.isra.0
                0x00002170       0x48 c:/program files (x86)/atmel/studio/7.0/toolchain/arm/arm-gnu-toolchain/bin/../lib/gcc/arm-none-eabi/6.3.1/../../../../arm-none-eabi/lib/thumb/v6-m\libc_nano.a(lib_a-findfp.o)
 .text.__sfmoreglue
                0x000021b8       0x2c c:/program files (x86)/atmel/studio/7.0/toolchain/arm/arm-gnu-toolchain/bin/../lib/gcc/arm-none-eabi/6.3.1/../../../../arm-none-eabi/lib/thumb/v6-m\libc_nano.a(lib_a-findfp.o)
                0x000021b8                __sfmoreglue
 .text.__sinit  0x000021e4       0x68 c:/program files (x86)/atmel/studio/7.0/toolchain/arm/arm-gnu-toolchain/bin/../lib/gcc/arm-none-eabi/6.3.1/../../../../arm-none-eabi/lib/thumb/v6-m\libc_nano.a(lib_a-findfp.o)
                0x000021e4                __sinit
 .text.__sfp    0x0000224c       0x80 c:/program files (x86)/atmel/studio/7.0/toolchain/arm/arm-gnu-toolchain/bin/../lib/gcc/arm-none-eabi/6.3.1/../../../../arm-none-eabi/lib/thumb/v6-m\libc_nano.a(lib_a-findfp.o)
                0x0000224c                __sfp
 .text._fwalk_reent
                0x000022cc       0x42 c:/program files (x86)/atmel/studio/7.0/toolchain/arm/arm-gnu-toolchain/bin/../lib/gcc/arm-none-eabi/6.3.1/../../../../arm-none-eabi/lib/thumb/v6-m\libc_nano.a(lib_a-fwalk.o)
                0x000022cc                _fwalk_reent
 *fill*         0x0000230e        0x2 
 .text.__swhatbuf_r
                0x00002310       0x50 c:/program files (x86)/atmel/studio/7.0/toolchain/arm/arm-gnu-toolchain/bin/../lib/gcc/arm-none-eabi/6.3.1/../../../../arm-none-eabi/lib/thumb/v6-m\libc_nano.a(lib_a-makebuf.o)
                0x00002310                __swhatbuf_r
 .text.__malloc_lock
                0x00002360        0x2 c:/program files (x86)/atmel/studio/7.0/toolchain/arm/arm-gnu-toolchain/bin/../lib/gcc/arm-none-eabi/6.3.1/../../../../arm-none-eabi/lib/thumb/v6-m\libc_nano.a(lib_a-mlock.o)
                0x00002360                __malloc_lock
 .text.__malloc_unlock
                0x00002362        0x2 c:/program files (x86)/atmel/studio/7.0/toolchain/arm/arm-gnu-toolchain/bin/../lib/gcc/arm-none-eabi/6.3.1/../../../../arm-none-eabi/lib/thumb/v6-m\libc_nano.a(lib_a-mlock.o)
                0x00002362                __malloc_unlock
 .text.__sread  0x00002364       0x28 c:/program files (x86)/atmel/studio/7.0/toolchain/arm/arm-gnu-toolchain/bin/../lib/gcc/arm-none-eabi/6.3.1/../../../../arm-none-eabi/lib/thumb/v6-m\libc_nano.a(lib_a-stdio.o)
                0x00002364                __sread
 .text.__swrite
                0x0000238c       0x38 c:/program files (x86)/atmel/studio/7.0/toolchain/arm/arm-gnu-toolchain/bin/../lib/gcc/arm-none-eabi/6.3.1/../../../../arm-none-eabi/lib/thumb/v6-m\libc_nano.a(lib_a-stdio.o)
                0x0000238c                __swrite
 .text.__sseek  0x000023c4       0x2c c:/program files (x86)/atmel/studio/7.0/toolchain/arm/arm-gnu-toolchain/bin/../lib/gcc/arm-none-eabi/6.3.1/../../../../arm-none-eabi/lib/thumb/v6-m\libc_nano.a(lib_a-stdio.o)
                0x000023c4                __sseek
 .text.__sclose
                0x000023f0        0xc c:/program files (x86)/atmel/studio/7.0/toolchain/arm/arm-gnu-toolchain/bin/../lib/gcc/arm-none-eabi/6.3.1/../../../../arm-none-eabi/lib/thumb/v6-m\libc_nano.a(lib_a-stdio.o)
                0x000023f0                __sclose
 .text._write_r
                0x000023fc       0x28 c:/program files (x86)/atmel/studio/7.0/toolchain/arm/arm-gnu-toolchain/bin/../lib/gcc/arm-none-eabi/6.3.1/../../../../arm-none-eabi/lib/thumb/v6-m\libc_nano.a(lib_a-writer.o)
                0x000023fc                _write_r
 .text._close_r
                0x00002424       0x24 c:/program files (x86)/atmel/studio/7.0/toolchain/arm/arm-gnu-toolchain/bin/../lib/gcc/arm-none-eabi/6.3.1/../../../../arm-none-eabi/lib/thumb/v6-m\libc_nano.a(lib_a-closer.o)
                0x00002424                _close_r
 .text._fstat_r
                0x00002448       0x24 c:/program files (x86)/atmel/studio/7.0/toolchain/arm/arm-gnu-toolchain/bin/../lib/gcc/arm-none-eabi/6.3.1/../../../../arm-none-eabi/lib/thumb/v6-m\libc_nano.a(lib_a-fstatr.o)
                0x00002448                _fstat_r
 .text._lseek_r
                0x0000246c       0x28 c:/program files (x86)/atmel/studio/7.0/toolchain/arm/arm-gnu-toolchain/bin/../lib/gcc/arm-none-eabi/6.3.1/../../../../arm-none-eabi/lib/thumb/v6-m\libc_nano.a(lib_a-lseekr.o)
                0x0000246c                _lseek_r
 .text._read_r  0x00002494       0x28 c:/program files (x86)/atmel/studio/7.0/toolchain/arm/arm-gnu-toolchain/bin/../lib/gcc/arm-none-eabi/6.3.1/../../../../arm-none-eabi/lib/thumb/v6-m\libc_nano.a(lib_a-readr.o)
                0x00002494                _read_r
 *(.glue_7t)
 .glue_7t       0x000024bc        0x0 linker stubs
 *(.glue_7)
 .glue_7        0x000024bc        0x0 linker stubs
 *(.rodata .rodata* .gnu.linkonce.r.*)
 .rodata        0x000024bc       0x18 src/ASF/sam0/drivers/sercom/sercom.o
 .rodata.system_clock_source_get_hz
                0x000024d4       0x24 src/ASF/sam0/drivers/system/clock/clock_samd21_r21_da_ha1/clock.o
 .rodata.system_clock_source_enable
                0x000024f8       0x24 src/ASF/sam0/drivers/system/clock/clock_samd21_r21_da_ha1/clock.o
 .rodata.main.str1.4
                0x0000251c       0x38 src/BootMain.o
                                 0x35 (size before relaxing)
 .rodata._global_impure_ptr
                0x00002554        0x4 c:/program files (x86)/atmel/studio/7.0/toolchain/arm/arm-gnu-toolchain/bin/../lib/gcc/arm-none-eabi/6.3.1/../../../../arm-none-eabi/lib/thumb/v6-m\libc_nano.a(lib_a-impure.o)
                0x00002554                _global_impure_ptr
 .rodata.__sf_fake_stderr
                0x00002558       0x20 c:/program files (x86)/atmel/studio/7.0/toolchain/arm/arm-gnu-toolchain/bin/../lib/gcc/arm-none-eabi/6.3.1/../../../../arm-none-eabi/lib/thumb/v6-m\libc_nano.a(lib_a-findfp.o)
                0x00002558                __sf_fake_stderr
 .rodata.__sf_fake_stdin
                0x00002578       0x20 c:/program files (x86)/atmel/studio/7.0/toolchain/arm/arm-gnu-toolchain/bin/../lib/gcc/arm-none-eabi/6.3.1/../../../../arm-none-eabi/lib/thumb/v6-m\libc_nano.a(lib_a-findfp.o)
                0x00002578                __sf_fake_stdin
 .rodata.__sf_fake_stdout
                0x00002598       0x20 c:/program files (x86)/atmel/studio/7.0/toolchain/arm/arm-gnu-toolchain/bin/../lib/gcc/arm-none-eabi/6.3.1/../../../../arm-none-eabi/lib/thumb/v6-m\libc_nano.a(lib_a-findfp.o)
                0x00002598                __sf_fake_stdout
 *(.ARM.extab* .gnu.linkonce.armextab.*)
                0x000025b8                . = ALIGN (0x4)
 *(.init)
 .init          0x000025b8        0x4 c:/program files (x86)/atmel/studio/7.0/toolchain/arm/arm-gnu-toolchain/bin/../lib/gcc/arm-none-eabi/6.3.1/thumb/v6-m/crti.o
                0x000025b8                _init
 .init          0x000025bc        0x8 c:/program files (x86)/atmel/studio/7.0/toolchain/arm/arm-gnu-toolchain/bin/../lib/gcc/arm-none-eabi/6.3.1/thumb/v6-m/crtn.o
                0x000025c4                . = ALIGN (0x4)
                0x000025c4                __preinit_array_start = .
 *(.preinit_array)
                0x000025c4                __preinit_array_end = .
                0x000025c4                . = ALIGN (0x4)
                0x000025c4                __init_array_start = .
 *(SORT(.init_array.*))
 *(.init_array)
 .init_array    0x000025c4        0x4 c:/program files (x86)/atmel/studio/7.0/toolchain/arm/arm-gnu-toolchain/bin/../lib/gcc/arm-none-eabi/6.3.1/thumb/v6-m/crtbegin.o
                0x000025c8                __init_array_end = .
                0x000025c8                . = ALIGN (0x4)
 *crtbegin.o(.ctors)
 *(EXCLUDE_FILE(*crtend.o) .ctors)
 *(SORT(.ctors.*))
 *crtend.o(.ctors)
                0x000025c8                . = ALIGN (0x4)
 *(.fini)
 .fini          0x000025c8        0x4 c:/program files (x86)/atmel/studio/7.0/toolchain/arm/arm-gnu-toolchain/bin/../lib/gcc/arm-none-eabi/6.3.1/thumb/v6-m/crti.o
                0x000025c8                _fini
 .fini          0x000025cc        0x8 c:/program files (x86)/atmel/studio/7.0/toolchain/arm/arm-gnu-toolchain/bin/../lib/gcc/arm-none-eabi/6.3.1/thumb/v6-m/crtn.o
                0x000025d4                . = ALIGN (0x4)
                0x000025d4                __fini_array_start = .
 *(.fini_array)
 .fini_array    0x000025d4        0x4 c:/program files (x86)/atmel/studio/7.0/toolchain/arm/arm-gnu-toolchain/bin/../lib/gcc/arm-none-eabi/6.3.1/thumb/v6-m/crtbegin.o
 *(SORT(.fini_array.*))
                0x000025d8                __fini_array_end = .
 *crtbegin.o(.dtors)
 *(EXCLUDE_FILE(*crtend.o) .dtors)
 *(SORT(.dtors.*))
 *crtend.o(.dtors)
                0x000025d8                . = ALIGN (0x4)
                0x000025d8                _efixed = .
                [!provide]                PROVIDE (__exidx_start, .)

.vfp11_veneer   0x000025d8        0x0
 .vfp11_veneer  0x000025d8        0x0 linker stubs

.v4_bx          0x000025d8        0x0
 .v4_bx         0x000025d8        0x0 linker stubs

.iplt           0x000025d8        0x0
 .iplt          0x000025d8        0x0 c:/program files (x86)/atmel/studio/7.0/toolchain/arm/arm-gnu-toolchain/bin/../lib/gcc/arm-none-eabi/6.3.1/thumb/v6-m/crtbegin.o

.eh_frame       0x000025d8        0x0
 .eh_frame      0x000025d8        0x0 c:/program files (x86)/atmel/studio/7.0/toolchain/arm/arm-gnu-toolchain/bin/../lib/gcc/arm-none-eabi/6.3.1/thumb/v6-m/crtbegin.o

.rel.dyn        0x000025d8        0x0
 .rel.iplt      0x000025d8        0x0 c:/program files (x86)/atmel/studio/7.0/toolchain/arm/arm-gnu-toolchain/bin/../lib/gcc/arm-none-eabi/6.3.1/thumb/v6-m/crtbegin.o

.jcr            0x000025d8        0x0
 .jcr           0x000025d8        0x0 c:/program files (x86)/atmel/studio/7.0/toolchain/arm/arm-gnu-toolchain/bin/../lib/gcc/arm-none-eabi/6.3.1/thumb/v6-m/crtbegin.o

.igot.plt       0x000025d8        0x0
 .igot.plt      0x000025d8        0x0 c:/program files (x86)/atmel/studio/7.0/toolchain/arm/arm-gnu-toolchain/bin/../lib/gcc/arm-none-eabi/6.3.1/thumb/v6-m/crtbegin.o

.ARM.exidx
 *(.ARM.exidx* .gnu.linkonce.armexidx.*)
                [!provide]                PROVIDE (__exidx_end, .)
                0x000025d8                . = ALIGN (0x4)
                0x000025d8                _etext = .

.relocate       0x20000000       0x70 load address 0x000025d8
                0x20000000                . = ALIGN (0x4)
                0x20000000                _srelocate = .
 *(.ramfunc .ramfunc.*)
 *(.data .data.*)
 .data.cycles_per_ms
                0x20000000        0x4 src/ASF/common2/services/delay/sam0/systick_counter.o
 .data.cycles_per_us
                0x20000004        0x4 src/ASF/common2/services/delay/sam0/systick_counter.o
 .data.g_interrupt_enabled
                0x20000008        0x1 src/ASF/common/utils/interrupt/interrupt_sam_nvic.o
                0x20000008                g_interrupt_enabled
 *fill*         0x20000009        0x3 
 .data._impure_ptr
                0x2000000c        0x4 c:/program files (x86)/atmel/studio/7.0/toolchain/arm/arm-gnu-toolchain/bin/../lib/gcc/arm-none-eabi/6.3.1/../../../../arm-none-eabi/lib/thumb/v6-m\libc_nano.a(lib_a-impure.o)
                0x2000000c                _impure_ptr
 .data.impure_data
                0x20000010       0x60 c:/program files (x86)/atmel/studio/7.0/toolchain/arm/arm-gnu-toolchain/bin/../lib/gcc/arm-none-eabi/6.3.1/../../../../arm-none-eabi/lib/thumb/v6-m\libc_nano.a(lib_a-impure.o)
                0x20000070                . = ALIGN (0x4)
                0x20000070                _erelocate = .

.bss            0x20000070      0x8dc load address 0x00002648
                0x20000070                . = ALIGN (0x4)
                0x20000070                _sbss = .
                0x20000070                _szero = .
 *(.bss .bss.*)
 .bss           0x20000070       0x1c c:/program files (x86)/atmel/studio/7.0/toolchain/arm/arm-gnu-toolchain/bin/../lib/gcc/arm-none-eabi/6.3.1/thumb/v6-m/crtbegin.o
 .bss.ul_tickcount
                0x2000008c        0x4 src/Systick/Systick.o
 .bss._nvm_dev  0x20000090        0x6 src/ASF/sam0/drivers/nvm/nvm.o
 *fill*         0x20000096        0x2 
 .bss.cpu_irq_critical_section_counter
                0x20000098        0x4 src/ASF/common/utils/interrupt/interrupt_sam_nvic.o
 .bss.cpu_irq_prev_interrupt_state
                0x2000009c        0x1 src/ASF/common/utils/interrupt/interrupt_sam_nvic.o
 *fill*         0x2000009d        0x3 
 .bss._sercom_config
                0x200000a0        0x2 src/ASF/sam0/drivers/sercom/sercom.o
 .bss._handler_table_initialized
                0x200000a2        0x1 src/ASF/sam0/drivers/sercom/sercom_interrupt.o
 *fill*         0x200000a3        0x1 
 .bss._sercom_interrupt_handlers
                0x200000a4       0x18 src/ASF/sam0/drivers/sercom/sercom_interrupt.o
 .bss._system_clock_inst
                0x200000bc       0x18 src/ASF/sam0/drivers/system/clock/clock_samd21_r21_da_ha1/clock.o
 .bss.heap.5296
                0x200000d4        0x4 src/ASF/sam0/utils/syscalls/gcc/syscalls.o
 .bss.__malloc_free_list
                0x200000d8        0x4 c:/program files (x86)/atmel/studio/7.0/toolchain/arm/arm-gnu-toolchain/bin/../lib/gcc/arm-none-eabi/6.3.1/../../../../arm-none-eabi/lib/thumb/v6-m\libc_nano.a(lib_a-nano-mallocr.o)
                0x200000d8                __malloc_free_list
 .bss.__malloc_sbrk_start
                0x200000dc        0x4 c:/program files (x86)/atmel/studio/7.0/toolchain/arm/arm-gnu-toolchain/bin/../lib/gcc/arm-none-eabi/6.3.1/../../../../arm-none-eabi/lib/thumb/v6-m\libc_nano.a(lib_a-nano-mallocr.o)
                0x200000dc                __malloc_sbrk_start
 *(COMMON)
 COMMON         0x200000e0      0x844 src/SerialConsole/SerialConsole.o
                0x200000e0                usart_instance
                0x20000114                cbufRx
                0x20000118                latestRx
                0x2000011c                txCharacterBuffer
                0x2000051c                rxCharacterBuffer
                0x2000091c                latestTx
                0x20000920                cbufTx
 COMMON         0x20000924       0x18 src/ASF/sam0/drivers/sercom/sercom_interrupt.o
                0x20000924                _sercom_instances
 COMMON         0x2000093c        0x4 src/ASF/sam0/utils/stdio/read.o
                0x2000093c                ptr_get
 COMMON         0x20000940        0x8 src/ASF/sam0/utils/stdio/write.o
                0x20000940                ptr_put
                0x20000944                stdio_base
 COMMON         0x20000948        0x4 c:/program files (x86)/atmel/studio/7.0/toolchain/arm/arm-gnu-toolchain/bin/../lib/gcc/arm-none-eabi/6.3.1/../../../../arm-none-eabi/lib/thumb/v6-m\libc_nano.a(lib_a-reent.o)
                0x20000948                errno
                0x2000094c                . = ALIGN (0x4)
                0x2000094c                _ebss = .
                0x2000094c                _ezero = .

.stack          0x2000094c     0x2004 load address 0x00002f24
                0x20000950                . = ALIGN (0x8)
 *fill*         0x2000094c        0x4 
                0x20000950                _sstack = .
                0x20002950                . = (. + STACK_SIZE)
 *fill*         0x20000950     0x2000 
                0x20002950                . = ALIGN (0x8)
                0x20002950                _estack = .
                0x20002950                . = ALIGN (0x4)
                0x20002950                _end = .
OUTPUT(BOOTLOADER.elf elf32-littlearm)

.ARM.attributes
                0x00000000       0x28
 .ARM.attributes
                0x00000000       0x1e c:/program files (x86)/atmel/studio/7.0/toolchain/arm/arm-gnu-toolchain/bin/../lib/gcc/arm-none-eabi/6.3.1/thumb/v6-m/crti.o
 .ARM.attributes
                0x0000001e       0x2c c:/program files (x86)/atmel/studio/7.0/toolchain/arm/arm-gnu-toolchain/bin/../lib/gcc/arm-none-eabi/6.3.1/thumb/v6-m/crtbegin.o
 .ARM.attributes
                0x0000004a       0x32 src/ASF/common2/services/delay/sam0/systick_counter.o
 .ARM.attributes
                0x0000007c       0x32 src/Systick/Systick.o
 .ARM.attributes
                0x000000ae       0x32 src/ASF/sam0/boards/board_init.o
 .ARM.attributes
                0x000000e0       0x32 src/ASF/sam0/drivers/nvm/nvm.o
 .ARM.attributes
                0x00000112       0x32 src/SerialConsole/circular_buffer.o
 .ARM.attributes
                0x00000144       0x32 src/SerialConsole/SerialConsole.o
 .ARM.attributes
                0x00000176       0x32 src/ASF/common/utils/interrupt/interrupt_sam_nvic.o
 .ARM.attributes
                0x000001a8       0x32 src/ASF/sam0/drivers/port/port.o
 .ARM.attributes
                0x000001da       0x32 src/ASF/sam0/drivers/sercom/sercom.o
 .ARM.attributes
                0x0000020c       0x32 src/ASF/sam0/drivers/sercom/sercom_interrupt.o
 .ARM.attributes
                0x0000023e       0x32 src/ASF/sam0/drivers/sercom/usart/usart.o
 .ARM.attributes
                0x00000270       0x32 src/ASF/sam0/drivers/sercom/usart/usart_interrupt.o
 .ARM.attributes
                0x000002a2       0x32 src/ASF/sam0/drivers/system/clock/clock_samd21_r21_da_ha1/clock.o
 .ARM.attributes
                0x000002d4       0x32 src/ASF/sam0/drivers/system/clock/clock_samd21_r21_da_ha1/gclk.o
 .ARM.attributes
                0x00000306       0x32 src/ASF/sam0/drivers/system/pinmux/pinmux.o
 .ARM.attributes
                0x00000338       0x32 src/ASF/sam0/drivers/system/system.o
 .ARM.attributes
                0x0000036a       0x32 src/ASF/sam0/utils/cmsis/samd21/source/gcc/startup_samd21.o
 .ARM.attributes
                0x0000039c       0x32 src/ASF/sam0/utils/stdio/read.o
 .ARM.attributes
                0x000003ce       0x32 src/ASF/sam0/utils/stdio/write.o
 .ARM.attributes
                0x00000400       0x32 src/ASF/sam0/utils/syscalls/gcc/syscalls.o
 .ARM.attributes
                0x00000432       0x32 src/BootMain.o
 .ARM.attributes
                0x00000464       0x1e c:/program files (x86)/atmel/studio/7.0/toolchain/arm/arm-gnu-toolchain/bin/../lib/gcc/arm-none-eabi/6.3.1/thumb/v6-m\libgcc.a(_udivsi3.o)
 .ARM.attributes
                0x00000482       0x1e c:/program files (x86)/atmel/studio/7.0/toolchain/arm/arm-gnu-toolchain/bin/../lib/gcc/arm-none-eabi/6.3.1/thumb/v6-m\libgcc.a(_dvmd_tls.o)
 .ARM.attributes
                0x000004a0       0x2c c:/program files (x86)/atmel/studio/7.0/toolchain/arm/arm-gnu-toolchain/bin/../lib/gcc/arm-none-eabi/6.3.1/thumb/v6-m\libgcc.a(_muldi3.o)
 .ARM.attributes
                0x000004cc       0x2c c:/program files (x86)/atmel/studio/7.0/toolchain/arm/arm-gnu-toolchain/bin/../lib/gcc/arm-none-eabi/6.3.1/../../../../arm-none-eabi/lib/thumb/v6-m\libc_nano.a(lib_a-impure.o)
 .ARM.attributes
                0x000004f8       0x2c c:/program files (x86)/atmel/studio/7.0/toolchain/arm/arm-gnu-toolchain/bin/../lib/gcc/arm-none-eabi/6.3.1/../../../../arm-none-eabi/lib/thumb/v6-m\libc_nano.a(lib_a-init.o)
 .ARM.attributes
                0x00000524       0x2c c:/program files (x86)/atmel/studio/7.0/toolchain/arm/arm-gnu-toolchain/bin/../lib/gcc/arm-none-eabi/6.3.1/../../../../arm-none-eabi/lib/thumb/v6-m\libc_nano.a(lib_a-malloc.o)
 .ARM.attributes
                0x00000550       0x2c c:/program files (x86)/atmel/studio/7.0/toolchain/arm/arm-gnu-toolchain/bin/../lib/gcc/arm-none-eabi/6.3.1/../../../../arm-none-eabi/lib/thumb/v6-m\libc_nano.a(lib_a-memset.o)
 .ARM.attributes
                0x0000057c       0x2c c:/program files (x86)/atmel/studio/7.0/toolchain/arm/arm-gnu-toolchain/bin/../lib/gcc/arm-none-eabi/6.3.1/../../../../arm-none-eabi/lib/thumb/v6-m\libc_nano.a(lib_a-nano-freer.o)
 .ARM.attributes
                0x000005a8       0x2c c:/program files (x86)/atmel/studio/7.0/toolchain/arm/arm-gnu-toolchain/bin/../lib/gcc/arm-none-eabi/6.3.1/../../../../arm-none-eabi/lib/thumb/v6-m\libc_nano.a(lib_a-nano-mallocr.o)
 .ARM.attributes
                0x000005d4       0x2c c:/program files (x86)/atmel/studio/7.0/toolchain/arm/arm-gnu-toolchain/bin/../lib/gcc/arm-none-eabi/6.3.1/../../../../arm-none-eabi/lib/thumb/v6-m\libc_nano.a(lib_a-sbrkr.o)
 .ARM.attributes
                0x00000600       0x2c c:/program files (x86)/atmel/studio/7.0/toolchain/arm/arm-gnu-toolchain/bin/../lib/gcc/arm-none-eabi/6.3.1/../../../../arm-none-eabi/lib/thumb/v6-m\libc_nano.a(lib_a-setbuf.o)
 .ARM.attributes
                0x0000062c       0x2c c:/program files (x86)/atmel/studio/7.0/toolchain/arm/arm-gnu-toolchain/bin/../lib/gcc/arm-none-eabi/6.3.1/../../../../arm-none-eabi/lib/thumb/v6-m\libc_nano.a(lib_a-setvbuf.o)
 .ARM.attributes
                0x00000658       0x1c c:/program files (x86)/atmel/studio/7.0/toolchain/arm/arm-gnu-toolchain/bin/../lib/gcc/arm-none-eabi/6.3.1/../../../../arm-none-eabi/lib/thumb/v6-m\libc_nano.a(lib_a-strlen.o)
 .ARM.attributes
                0x00000674       0x2c c:/program files (x86)/atmel/studio/7.0/toolchain/arm/arm-gnu-toolchain/bin/../lib/gcc/arm-none-eabi/6.3.1/../../../../arm-none-eabi/lib/thumb/v6-m\libc_nano.a(lib_a-fflush.o)
 .ARM.attributes
                0x000006a0       0x2c c:/program files (x86)/atmel/studio/7.0/toolchain/arm/arm-gnu-toolchain/bin/../lib/gcc/arm-none-eabi/6.3.1/../../../../arm-none-eabi/lib/thumb/v6-m\libc_nano.a(lib_a-findfp.o)
 .ARM.attributes
                0x000006cc       0x2c c:/program files (x86)/atmel/studio/7.0/toolchain/arm/arm-gnu-toolchain/bin/../lib/gcc/arm-none-eabi/6.3.1/../../../../arm-none-eabi/lib/thumb/v6-m\libc_nano.a(lib_a-fwalk.o)
 .ARM.attributes
                0x000006f8       0x2c c:/program files (x86)/atmel/studio/7.0/toolchain/arm/arm-gnu-toolchain/bin/../lib/gcc/arm-none-eabi/6.3.1/../../../../arm-none-eabi/lib/thumb/v6-m\libc_nano.a(lib_a-makebuf.o)
 .ARM.attributes
                0x00000724       0x2c c:/program files (x86)/atmel/studio/7.0/toolchain/arm/arm-gnu-toolchain/bin/../lib/gcc/arm-none-eabi/6.3.1/../../../../arm-none-eabi/lib/thumb/v6-m\libc_nano.a(lib_a-mlock.o)
 .ARM.attributes
                0x00000750       0x2c c:/program files (x86)/atmel/studio/7.0/toolchain/arm/arm-gnu-toolchain/bin/../lib/gcc/arm-none-eabi/6.3.1/../../../../arm-none-eabi/lib/thumb/v6-m\libc_nano.a(lib_a-reent.o)
 .ARM.attributes
                0x0000077c       0x2c c:/program files (x86)/atmel/studio/7.0/toolchain/arm/arm-gnu-toolchain/bin/../lib/gcc/arm-none-eabi/6.3.1/../../../../arm-none-eabi/lib/thumb/v6-m\libc_nano.a(lib_a-stdio.o)
 .ARM.attributes
                0x000007a8       0x2c c:/program files (x86)/atmel/studio/7.0/toolchain/arm/arm-gnu-toolchain/bin/../lib/gcc/arm-none-eabi/6.3.1/../../../../arm-none-eabi/lib/thumb/v6-m\libc_nano.a(lib_a-writer.o)
 .ARM.attributes
                0x000007d4       0x2c c:/program files (x86)/atmel/studio/7.0/toolchain/arm/arm-gnu-toolchain/bin/../lib/gcc/arm-none-eabi/6.3.1/../../../../arm-none-eabi/lib/thumb/v6-m\libc_nano.a(lib_a-closer.o)
 .ARM.attributes
                0x00000800       0x2c c:/program files (x86)/atmel/studio/7.0/toolchain/arm/arm-gnu-toolchain/bin/../lib/gcc/arm-none-eabi/6.3.1/../../../../arm-none-eabi/lib/thumb/v6-m\libc_nano.a(lib_a-fstatr.o)
 .ARM.attributes
                0x0000082c       0x2c c:/program files (x86)/atmel/studio/7.0/toolchain/arm/arm-gnu-toolchain/bin/../lib/gcc/arm-none-eabi/6.3.1/../../../../arm-none-eabi/lib/thumb/v6-m\libc_nano.a(lib_a-lseekr.o)
 .ARM.attributes
                0x00000858       0x2c c:/program files (x86)/atmel/studio/7.0/toolchain/arm/arm-gnu-toolchain/bin/../lib/gcc/arm-none-eabi/6.3.1/../../../../arm-none-eabi/lib/thumb/v6-m\libc_nano.a(lib_a-readr.o)
 .ARM.attributes
                0x00000884       0x1e c:/program files (x86)/atmel/studio/7.0/toolchain/arm/arm-gnu-toolchain/bin/../lib/gcc/arm-none-eabi/6.3.1/thumb/v6-m/crtn.o

.comment        0x00000000       0x59
 .comment       0x00000000       0x59 src/ASF/common2/services/delay/sam0/systick_counter.o
                                 0x5a (size before relaxing)
 .comment       0x00000059       0x5a src/Systick/Systick.o
 .comment       0x00000059       0x5a src/ASF/sam0/boards/board_init.o
 .comment       0x00000059       0x5a src/ASF/sam0/drivers/nvm/nvm.o
 .comment       0x00000059       0x5a src/SerialConsole/circular_buffer.o
 .comment       0x00000059       0x5a src/SerialConsole/SerialConsole.o
 .comment       0x00000059       0x5a src/ASF/common/utils/interrupt/interrupt_sam_nvic.o
 .comment       0x00000059       0x5a src/ASF/sam0/drivers/port/port.o
 .comment       0x00000059       0x5a src/ASF/sam0/drivers/sercom/sercom.o
 .comment       0x00000059       0x5a src/ASF/sam0/drivers/sercom/sercom_interrupt.o
 .comment       0x00000059       0x5a src/ASF/sam0/drivers/sercom/usart/usart.o
 .comment       0x00000059       0x5a src/ASF/sam0/drivers/sercom/usart/usart_interrupt.o
 .comment       0x00000059       0x5a src/ASF/sam0/drivers/system/clock/clock_samd21_r21_da_ha1/clock.o
 .comment       0x00000059       0x5a src/ASF/sam0/drivers/system/clock/clock_samd21_r21_da_ha1/gclk.o
 .comment       0x00000059       0x5a src/ASF/sam0/drivers/system/pinmux/pinmux.o
 .comment       0x00000059       0x5a src/ASF/sam0/drivers/system/system.o
 .comment       0x00000059       0x5a src/ASF/sam0/utils/cmsis/samd21/source/gcc/startup_samd21.o
 .comment       0x00000059       0x5a src/ASF/sam0/utils/stdio/read.o
 .comment       0x00000059       0x5a src/ASF/sam0/utils/stdio/write.o
 .comment       0x00000059       0x5a src/ASF/sam0/utils/syscalls/gcc/syscalls.o
 .comment       0x00000059       0x5a src/BootMain.o

.debug_info     0x00000000    0x2a454
 .debug_info    0x00000000      0xb8d src/ASF/common2/services/delay/sam0/systick_counter.o
 .debug_info    0x00000b8d      0xf2f src/Systick/Systick.o
 .debug_info    0x00001abc     0x12ad src/ASF/sam0/boards/board_init.o
 .debug_info    0x00002d69     0x2622 src/ASF/sam0/drivers/nvm/nvm.o
 .debug_info    0x0000538b      0xd6e src/SerialConsole/circular_buffer.o
 .debug_info    0x000060f9     0x3acd src/SerialConsole/SerialConsole.o
 .debug_info    0x00009bc6      0xb07 src/ASF/common/utils/interrupt/interrupt_sam_nvic.o
 .debug_info    0x0000a6cd     0x12b6 src/ASF/sam0/drivers/port/port.o
 .debug_info    0x0000b983     0x2dd3 src/ASF/sam0/drivers/sercom/sercom.o
 .debug_info    0x0000e756     0x2bcf src/ASF/sam0/drivers/sercom/sercom_interrupt.o
 .debug_info    0x00011325     0x4ab0 src/ASF/sam0/drivers/sercom/usart/usart.o
 .debug_info    0x00015dd5     0x3048 src/ASF/sam0/drivers/sercom/usart/usart_interrupt.o
 .debug_info    0x00018e1d     0x39d4 src/ASF/sam0/drivers/system/clock/clock_samd21_r21_da_ha1/clock.o
 .debug_info    0x0001c7f1     0x1ec7 src/ASF/sam0/drivers/system/clock/clock_samd21_r21_da_ha1/gclk.o
 .debug_info    0x0001e6b8     0x13f3 src/ASF/sam0/drivers/system/pinmux/pinmux.o
 .debug_info    0x0001faab      0xa73 src/ASF/sam0/drivers/system/system.o
 .debug_info    0x0002051e     0x3a3f src/ASF/sam0/utils/cmsis/samd21/source/gcc/startup_samd21.o
 .debug_info    0x00023f5d      0xacf src/ASF/sam0/utils/stdio/read.o
 .debug_info    0x00024a2c      0xacc src/ASF/sam0/utils/stdio/write.o
 .debug_info    0x000254f8      0xd98 src/ASF/sam0/utils/syscalls/gcc/syscalls.o
 .debug_info    0x00026290     0x41c4 src/BootMain.o

.debug_abbrev   0x00000000     0x4225
 .debug_abbrev  0x00000000      0x24b src/ASF/common2/services/delay/sam0/systick_counter.o
 .debug_abbrev  0x0000024b      0x283 src/Systick/Systick.o
 .debug_abbrev  0x000004ce      0x2dc src/ASF/sam0/boards/board_init.o
 .debug_abbrev  0x000007aa      0x491 src/ASF/sam0/drivers/nvm/nvm.o
 .debug_abbrev  0x00000c3b      0x2db src/SerialConsole/circular_buffer.o
 .debug_abbrev  0x00000f16      0x4e7 src/SerialConsole/SerialConsole.o
 .debug_abbrev  0x000013fd      0x22c src/ASF/common/utils/interrupt/interrupt_sam_nvic.o
 .debug_abbrev  0x00001629      0x298 src/ASF/sam0/drivers/port/port.o
 .debug_abbrev  0x000018c1      0x378 src/ASF/sam0/drivers/sercom/sercom.o
 .debug_abbrev  0x00001c39      0x2d8 src/ASF/sam0/drivers/sercom/sercom_interrupt.o
 .debug_abbrev  0x00001f11      0x488 src/ASF/sam0/drivers/sercom/usart/usart.o
 .debug_abbrev  0x00002399      0x416 src/ASF/sam0/drivers/sercom/usart/usart_interrupt.o
 .debug_abbrev  0x000027af      0x493 src/ASF/sam0/drivers/system/clock/clock_samd21_r21_da_ha1/clock.o
 .debug_abbrev  0x00002c42      0x40d src/ASF/sam0/drivers/system/clock/clock_samd21_r21_da_ha1/gclk.o
 .debug_abbrev  0x0000304f      0x361 src/ASF/sam0/drivers/system/pinmux/pinmux.o
 .debug_abbrev  0x000033b0      0x1e1 src/ASF/sam0/drivers/system/system.o
 .debug_abbrev  0x00003591      0x234 src/ASF/sam0/utils/cmsis/samd21/source/gcc/startup_samd21.o
 .debug_abbrev  0x000037c5      0x218 src/ASF/sam0/utils/stdio/read.o
 .debug_abbrev  0x000039dd      0x203 src/ASF/sam0/utils/stdio/write.o
 .debug_abbrev  0x00003be0      0x257 src/ASF/sam0/utils/syscalls/gcc/syscalls.o
 .debug_abbrev  0x00003e37      0x3ee src/BootMain.o

.debug_loc      0x00000000     0x57c4
 .debug_loc     0x00000000       0xe4 src/ASF/common2/services/delay/sam0/systick_counter.o
 .debug_loc     0x000000e4       0x5e src/Systick/Systick.o
 .debug_loc     0x00000142       0x8a src/ASF/sam0/boards/board_init.o
 .debug_loc     0x000001cc     0x10c4 src/ASF/sam0/drivers/nvm/nvm.o
 .debug_loc     0x00001290      0x387 src/SerialConsole/circular_buffer.o
 .debug_loc     0x00001617      0x40b src/SerialConsole/SerialConsole.o
 .debug_loc     0x00001a22      0x13d src/ASF/sam0/drivers/port/port.o
 .debug_loc     0x00001b5f      0x9d5 src/ASF/sam0/drivers/sercom/sercom.o
 .debug_loc     0x00002534      0x161 src/ASF/sam0/drivers/sercom/sercom_interrupt.o
 .debug_loc     0x00002695      0xe2f src/ASF/sam0/drivers/sercom/usart/usart.o
 .debug_loc     0x000034c4      0x711 src/ASF/sam0/drivers/sercom/usart/usart_interrupt.o
 .debug_loc     0x00003bd5      0xf7d src/ASF/sam0/drivers/system/clock/clock_samd21_r21_da_ha1/clock.o
 .debug_loc     0x00004b52      0x504 src/ASF/sam0/drivers/system/clock/clock_samd21_r21_da_ha1/gclk.o
 .debug_loc     0x00005056      0x36d src/ASF/sam0/drivers/system/pinmux/pinmux.o
 .debug_loc     0x000053c3       0x20 src/ASF/sam0/drivers/system/system.o
 .debug_loc     0x000053e3       0x40 src/ASF/sam0/utils/cmsis/samd21/source/gcc/startup_samd21.o
 .debug_loc     0x00005423       0xca src/ASF/sam0/utils/stdio/read.o
 .debug_loc     0x000054ed      0x130 src/ASF/sam0/utils/stdio/write.o
 .debug_loc     0x0000561d       0xef src/ASF/sam0/utils/syscalls/gcc/syscalls.o
 .debug_loc     0x0000570c       0xb8 src/BootMain.o

.debug_aranges  0x00000000      0x5b8
 .debug_aranges
                0x00000000       0x30 src/ASF/common2/services/delay/sam0/systick_counter.o
 .debug_aranges
                0x00000030       0x30 src/Systick/Systick.o
 .debug_aranges
                0x00000060       0x20 src/ASF/sam0/boards/board_init.o
 .debug_aranges
                0x00000080       0x68 src/ASF/sam0/drivers/nvm/nvm.o
 .debug_aranges
                0x000000e8       0x70 src/SerialConsole/circular_buffer.o
 .debug_aranges
                0x00000158       0x70 src/SerialConsole/SerialConsole.o
 .debug_aranges
                0x000001c8       0x28 src/ASF/common/utils/interrupt/interrupt_sam_nvic.o
 .debug_aranges
                0x000001f0       0x28 src/ASF/sam0/drivers/port/port.o
 .debug_aranges
                0x00000218       0x48 src/ASF/sam0/drivers/sercom/sercom.o
 .debug_aranges
                0x00000260       0x60 src/ASF/sam0/drivers/sercom/sercom_interrupt.o
 .debug_aranges
                0x000002c0       0x40 src/ASF/sam0/drivers/sercom/usart/usart.o
 .debug_aranges
                0x00000300       0x70 src/ASF/sam0/drivers/sercom/usart/usart_interrupt.o
 .debug_aranges
                0x00000370       0x78 src/ASF/sam0/drivers/system/clock/clock_samd21_r21_da_ha1/clock.o
 .debug_aranges
                0x000003e8       0x80 src/ASF/sam0/drivers/system/clock/clock_samd21_r21_da_ha1/gclk.o
 .debug_aranges
                0x00000468       0x40 src/ASF/sam0/drivers/system/pinmux/pinmux.o
 .debug_aranges
                0x000004a8       0x28 src/ASF/sam0/drivers/system/system.o
 .debug_aranges
                0x000004d0       0x28 src/ASF/sam0/utils/cmsis/samd21/source/gcc/startup_samd21.o
 .debug_aranges
                0x000004f8       0x20 src/ASF/sam0/utils/stdio/read.o
 .debug_aranges
                0x00000518       0x20 src/ASF/sam0/utils/stdio/write.o
 .debug_aranges
                0x00000538       0x60 src/ASF/sam0/utils/syscalls/gcc/syscalls.o
 .debug_aranges
                0x00000598       0x20 src/BootMain.o

.debug_ranges   0x00000000      0x698
 .debug_ranges  0x00000000       0x50 src/ASF/common2/services/delay/sam0/systick_counter.o
 .debug_ranges  0x00000050       0x20 src/Systick/Systick.o
 .debug_ranges  0x00000070       0x10 src/ASF/sam0/boards/board_init.o
 .debug_ranges  0x00000080      0x118 src/ASF/sam0/drivers/nvm/nvm.o
 .debug_ranges  0x00000198       0x60 src/SerialConsole/circular_buffer.o
 .debug_ranges  0x000001f8       0x60 src/SerialConsole/SerialConsole.o
 .debug_ranges  0x00000258       0x18 src/ASF/common/utils/interrupt/interrupt_sam_nvic.o
 .debug_ranges  0x00000270       0x18 src/ASF/sam0/drivers/port/port.o
 .debug_ranges  0x00000288       0x50 src/ASF/sam0/drivers/sercom/sercom.o
 .debug_ranges  0x000002d8       0x50 src/ASF/sam0/drivers/sercom/sercom_interrupt.o
 .debug_ranges  0x00000328      0x140 src/ASF/sam0/drivers/sercom/usart/usart.o
 .debug_ranges  0x00000468       0x60 src/ASF/sam0/drivers/sercom/usart/usart_interrupt.o
 .debug_ranges  0x000004c8       0x68 src/ASF/sam0/drivers/system/clock/clock_samd21_r21_da_ha1/clock.o
 .debug_ranges  0x00000530       0x88 src/ASF/sam0/drivers/system/clock/clock_samd21_r21_da_ha1/gclk.o
 .debug_ranges  0x000005b8       0x30 src/ASF/sam0/drivers/system/pinmux/pinmux.o
 .debug_ranges  0x000005e8       0x18 src/ASF/sam0/drivers/system/system.o
 .debug_ranges  0x00000600       0x18 src/ASF/sam0/utils/cmsis/samd21/source/gcc/startup_samd21.o
 .debug_ranges  0x00000618       0x10 src/ASF/sam0/utils/stdio/read.o
 .debug_ranges  0x00000628       0x10 src/ASF/sam0/utils/stdio/write.o
 .debug_ranges  0x00000638       0x50 src/ASF/sam0/utils/syscalls/gcc/syscalls.o
 .debug_ranges  0x00000688       0x10 src/BootMain.o

.debug_macro    0x00000000    0x1ba0c
 .debug_macro   0x00000000      0x539 src/ASF/common2/services/delay/sam0/systick_counter.o
 .debug_macro   0x00000539      0x8d4 src/ASF/common2/services/delay/sam0/systick_counter.o
 .debug_macro   0x00000e0d      0x16d src/ASF/common2/services/delay/sam0/systick_counter.o
 .debug_macro   0x00000f7a      0x6d7 src/ASF/common2/services/delay/sam0/systick_counter.o
 .debug_macro   0x00001651       0x22 src/ASF/common2/services/delay/sam0/systick_counter.o
 .debug_macro   0x00001673       0x87 src/ASF/common2/services/delay/sam0/systick_counter.o
 .debug_macro   0x000016fa       0x51 src/ASF/common2/services/delay/sam0/systick_counter.o
 .debug_macro   0x0000174b       0xef src/ASF/common2/services/delay/sam0/systick_counter.o
 .debug_macro   0x0000183a       0x6a src/ASF/common2/services/delay/sam0/systick_counter.o
 .debug_macro   0x000018a4      0x1df src/ASF/common2/services/delay/sam0/systick_counter.o
 .debug_macro   0x00001a83       0x10 src/ASF/common2/services/delay/sam0/systick_counter.o
 .debug_macro   0x00001a93       0x76 src/ASF/common2/services/delay/sam0/systick_counter.o
 .debug_macro   0x00001b09       0x16 src/ASF/common2/services/delay/sam0/systick_counter.o
 .debug_macro   0x00001b1f      0x6db src/ASF/common2/services/delay/sam0/systick_counter.o
 .debug_macro   0x000021fa      0xdd8 src/ASF/common2/services/delay/sam0/systick_counter.o
 .debug_macro   0x00002fd2       0x22 src/ASF/common2/services/delay/sam0/systick_counter.o
 .debug_macro   0x00002ff4       0x40 src/ASF/common2/services/delay/sam0/systick_counter.o
 .debug_macro   0x00003034       0x3a src/ASF/common2/services/delay/sam0/systick_counter.o
 .debug_macro   0x0000306e       0x1f src/ASF/common2/services/delay/sam0/systick_counter.o
 .debug_macro   0x0000308d      0x250 src/ASF/common2/services/delay/sam0/systick_counter.o
 .debug_macro   0x000032dd      0x681 src/ASF/common2/services/delay/sam0/systick_counter.o
 .debug_macro   0x0000395e      0x8b5 src/ASF/common2/services/delay/sam0/systick_counter.o
 .debug_macro   0x00004213      0x230 src/ASF/common2/services/delay/sam0/systick_counter.o
 .debug_macro   0x00004443      0xd60 src/ASF/common2/services/delay/sam0/systick_counter.o
 .debug_macro   0x000051a3      0x4cb src/ASF/common2/services/delay/sam0/systick_counter.o
 .debug_macro   0x0000566e      0x9f8 src/ASF/common2/services/delay/sam0/systick_counter.o
 .debug_macro   0x00006066      0x82b src/ASF/common2/services/delay/sam0/systick_counter.o
 .debug_macro   0x00006891      0x455 src/ASF/common2/services/delay/sam0/systick_counter.o
 .debug_macro   0x00006ce6       0x5e src/ASF/common2/services/delay/sam0/systick_counter.o
 .debug_macro   0x00006d44      0x8fd src/ASF/common2/services/delay/sam0/systick_counter.o
 .debug_macro   0x00007641      0x21c src/ASF/common2/services/delay/sam0/systick_counter.o
 .debug_macro   0x0000785d      0x95b src/ASF/common2/services/delay/sam0/systick_counter.o
 .debug_macro   0x000081b8       0x5e src/ASF/common2/services/delay/sam0/systick_counter.o
 .debug_macro   0x00008216      0x667 src/ASF/common2/services/delay/sam0/systick_counter.o
 .debug_macro   0x0000887d      0x3af src/ASF/common2/services/delay/sam0/systick_counter.o
 .debug_macro   0x00008c2c      0xc7a src/ASF/common2/services/delay/sam0/systick_counter.o
 .debug_macro   0x000098a6     0x1092 src/ASF/common2/services/delay/sam0/systick_counter.o
 .debug_macro   0x0000a938      0xc4a src/ASF/common2/services/delay/sam0/systick_counter.o
 .debug_macro   0x0000b582      0x6ba src/ASF/common2/services/delay/sam0/systick_counter.o
 .debug_macro   0x0000bc3c     0x1bbf src/ASF/common2/services/delay/sam0/systick_counter.o
 .debug_macro   0x0000d7fb     0x1440 src/ASF/common2/services/delay/sam0/systick_counter.o
 .debug_macro   0x0000ec3b      0x344 src/ASF/common2/services/delay/sam0/systick_counter.o
 .debug_macro   0x0000ef7f       0x7c src/ASF/common2/services/delay/sam0/systick_counter.o
 .debug_macro   0x0000effb       0xa0 src/ASF/common2/services/delay/sam0/systick_counter.o
 .debug_macro   0x0000f09b       0x4c src/ASF/common2/services/delay/sam0/systick_counter.o
 .debug_macro   0x0000f0e7       0xca src/ASF/common2/services/delay/sam0/systick_counter.o
 .debug_macro   0x0000f1b1       0x94 src/ASF/common2/services/delay/sam0/systick_counter.o
 .debug_macro   0x0000f245       0x58 src/ASF/common2/services/delay/sam0/systick_counter.o
 .debug_macro   0x0000f29d      0x37d src/ASF/common2/services/delay/sam0/systick_counter.o
 .debug_macro   0x0000f61a       0x82 src/ASF/common2/services/delay/sam0/systick_counter.o
 .debug_macro   0x0000f69c      0x18d src/ASF/common2/services/delay/sam0/systick_counter.o
 .debug_macro   0x0000f829       0xb8 src/ASF/common2/services/delay/sam0/systick_counter.o
 .debug_macro   0x0000f8e1       0xa0 src/ASF/common2/services/delay/sam0/systick_counter.o
 .debug_macro   0x0000f981       0xb8 src/ASF/common2/services/delay/sam0/systick_counter.o
 .debug_macro   0x0000fa39       0x1c src/ASF/common2/services/delay/sam0/systick_counter.o
 .debug_macro   0x0000fa55       0x1c src/ASF/common2/services/delay/sam0/systick_counter.o
 .debug_macro   0x0000fa71       0x1c src/ASF/common2/services/delay/sam0/systick_counter.o
 .debug_macro   0x0000fa8d       0x82 src/ASF/common2/services/delay/sam0/systick_counter.o
 .debug_macro   0x0000fb0f      0x15a src/ASF/common2/services/delay/sam0/systick_counter.o
 .debug_macro   0x0000fc69       0xdc src/ASF/common2/services/delay/sam0/systick_counter.o
 .debug_macro   0x0000fd45      0x128 src/ASF/common2/services/delay/sam0/systick_counter.o
 .debug_macro   0x0000fe6d      0x128 src/ASF/common2/services/delay/sam0/systick_counter.o
 .debug_macro   0x0000ff95      0x128 src/ASF/common2/services/delay/sam0/systick_counter.o
 .debug_macro   0x000100bd      0x128 src/ASF/common2/services/delay/sam0/systick_counter.o
 .debug_macro   0x000101e5      0x128 src/ASF/common2/services/delay/sam0/systick_counter.o
 .debug_macro   0x0001030d      0x128 src/ASF/common2/services/delay/sam0/systick_counter.o
 .debug_macro   0x00010435      0x124 src/ASF/common2/services/delay/sam0/systick_counter.o
 .debug_macro   0x00010559       0xe2 src/ASF/common2/services/delay/sam0/systick_counter.o
 .debug_macro   0x0001063b       0xe2 src/ASF/common2/services/delay/sam0/systick_counter.o
 .debug_macro   0x0001071d       0xe2 src/ASF/common2/services/delay/sam0/systick_counter.o
 .debug_macro   0x000107ff      0x130 src/ASF/common2/services/delay/sam0/systick_counter.o
 .debug_macro   0x0001092f      0x106 src/ASF/common2/services/delay/sam0/systick_counter.o
 .debug_macro   0x00010a35       0xfa src/ASF/common2/services/delay/sam0/systick_counter.o
 .debug_macro   0x00010b2f      0x40f src/ASF/common2/services/delay/sam0/systick_counter.o
 .debug_macro   0x00010f3e       0x40 src/ASF/common2/services/delay/sam0/systick_counter.o
 .debug_macro   0x00010f7e      0x361 src/ASF/common2/services/delay/sam0/systick_counter.o
 .debug_macro   0x000112df     0x16e3 src/ASF/common2/services/delay/sam0/systick_counter.o
 .debug_macro   0x000129c2       0x6d src/ASF/common2/services/delay/sam0/systick_counter.o
 .debug_macro   0x00012a2f       0x58 src/ASF/common2/services/delay/sam0/systick_counter.o
 .debug_macro   0x00012a87       0x35 src/ASF/common2/services/delay/sam0/systick_counter.o
 .debug_macro   0x00012abc       0x9c src/ASF/common2/services/delay/sam0/systick_counter.o
 .debug_macro   0x00012b58       0x16 src/ASF/common2/services/delay/sam0/systick_counter.o
 .debug_macro   0x00012b6e       0x35 src/ASF/common2/services/delay/sam0/systick_counter.o
 .debug_macro   0x00012ba3      0x353 src/ASF/common2/services/delay/sam0/systick_counter.o
 .debug_macro   0x00012ef6       0x10 src/ASF/common2/services/delay/sam0/systick_counter.o
 .debug_macro   0x00012f06       0x58 src/ASF/common2/services/delay/sam0/systick_counter.o
 .debug_macro   0x00012f5e       0x1f src/ASF/common2/services/delay/sam0/systick_counter.o
 .debug_macro   0x00012f7d       0x43 src/ASF/common2/services/delay/sam0/systick_counter.o
 .debug_macro   0x00012fc0       0x20 src/ASF/common2/services/delay/sam0/systick_counter.o
 .debug_macro   0x00012fe0      0x187 src/ASF/common2/services/delay/sam0/systick_counter.o
 .debug_macro   0x00013167       0x10 src/ASF/common2/services/delay/sam0/systick_counter.o
 .debug_macro   0x00013177       0x1c src/ASF/common2/services/delay/sam0/systick_counter.o
 .debug_macro   0x00013193       0x52 src/ASF/common2/services/delay/sam0/systick_counter.o
 .debug_macro   0x000131e5       0x40 src/ASF/common2/services/delay/sam0/systick_counter.o
 .debug_macro   0x00013225       0x10 src/ASF/common2/services/delay/sam0/systick_counter.o
 .debug_macro   0x00013235       0x40 src/ASF/common2/services/delay/sam0/systick_counter.o
 .debug_macro   0x00013275       0xd7 src/ASF/common2/services/delay/sam0/systick_counter.o
 .debug_macro   0x0001334c       0x16 src/ASF/common2/services/delay/sam0/systick_counter.o
 .debug_macro   0x00013362      0x18b src/ASF/common2/services/delay/sam0/systick_counter.o
 .debug_macro   0x000134ed       0x16 src/ASF/common2/services/delay/sam0/systick_counter.o
 .debug_macro   0x00013503       0x16 src/ASF/common2/services/delay/sam0/systick_counter.o
 .debug_macro   0x00013519       0x29 src/ASF/common2/services/delay/sam0/systick_counter.o
 .debug_macro   0x00013542       0x51 src/ASF/common2/services/delay/sam0/systick_counter.o
 .debug_macro   0x00013593       0x3e src/ASF/common2/services/delay/sam0/systick_counter.o
 .debug_macro   0x000135d1      0x3df src/ASF/common2/services/delay/sam0/systick_counter.o
 .debug_macro   0x000139b0       0x11 src/ASF/common2/services/delay/sam0/systick_counter.o
 .debug_macro   0x000139c1       0x16 src/ASF/common2/services/delay/sam0/systick_counter.o
 .debug_macro   0x000139d7       0x16 src/ASF/common2/services/delay/sam0/systick_counter.o
 .debug_macro   0x000139ed      0x75a src/Systick/Systick.o
 .debug_macro   0x00014147       0x10 src/Systick/Systick.o
 .debug_macro   0x00014157       0x82 src/Systick/Systick.o
 .debug_macro   0x000141d9       0x9b src/Systick/Systick.o
 .debug_macro   0x00014274       0xe7 src/Systick/Systick.o
 .debug_macro   0x0001435b      0x2c3 src/Systick/Systick.o
 .debug_macro   0x0001461e      0x6ce src/Systick/Systick.o
 .debug_macro   0x00014cec      0x1bf src/Systick/Systick.o
 .debug_macro   0x00014eab       0x46 src/Systick/Systick.o
 .debug_macro   0x00014ef1       0x11 src/Systick/Systick.o
 .debug_macro   0x00014f02       0x18 src/Systick/Systick.o
 .debug_macro   0x00014f1a      0x298 src/Systick/Systick.o
 .debug_macro   0x000151b2       0x52 src/Systick/Systick.o
 .debug_macro   0x00015204       0x9a src/Systick/Systick.o
 .debug_macro   0x0001529e       0x2d src/Systick/Systick.o
 .debug_macro   0x000152cb       0x16 src/Systick/Systick.o
 .debug_macro   0x000152e1       0x16 src/Systick/Systick.o
 .debug_macro   0x000152f7       0x2e src/Systick/Systick.o
 .debug_macro   0x00015325       0x49 src/Systick/Systick.o
 .debug_macro   0x0001536e      0x53a src/ASF/sam0/boards/board_init.o
 .debug_macro   0x000158a8       0x12 src/ASF/sam0/boards/board_init.o
 .debug_macro   0x000158ba      0x599 src/ASF/sam0/drivers/nvm/nvm.o
 .debug_macro   0x00015e53      0x142 src/SerialConsole/circular_buffer.o
 .debug_macro   0x00015f95       0x52 src/SerialConsole/circular_buffer.o
 .debug_macro   0x00015fe7       0x8d src/SerialConsole/circular_buffer.o
 .debug_macro   0x00016074      0x10e src/SerialConsole/circular_buffer.o
 .debug_macro   0x00016182       0x86 src/SerialConsole/circular_buffer.o
 .debug_macro   0x00016208       0x57 src/SerialConsole/circular_buffer.o
 .debug_macro   0x0001625f       0x16 src/SerialConsole/circular_buffer.o
 .debug_macro   0x00016275      0x783 src/SerialConsole/SerialConsole.o
 .debug_macro   0x000169f8       0x4c src/SerialConsole/SerialConsole.o
 .debug_macro   0x00016a44      0x4fe src/ASF/common/utils/interrupt/interrupt_sam_nvic.o
 .debug_macro   0x00016f42      0x518 src/ASF/sam0/drivers/port/port.o
 .debug_macro   0x0001745a      0x58b src/ASF/sam0/drivers/sercom/sercom.o
 .debug_macro   0x000179e5      0x588 src/ASF/sam0/drivers/sercom/sercom_interrupt.o
 .debug_macro   0x00017f6d      0x59c src/ASF/sam0/drivers/sercom/usart/usart.o
 .debug_macro   0x00018509       0x51 src/ASF/sam0/drivers/sercom/usart/usart.o
 .debug_macro   0x0001855a      0x59c src/ASF/sam0/drivers/sercom/usart/usart_interrupt.o
 .debug_macro   0x00018af6      0x57d src/ASF/sam0/drivers/system/clock/clock_samd21_r21_da_ha1/clock.o
 .debug_macro   0x00019073      0x534 src/ASF/sam0/drivers/system/clock/clock_samd21_r21_da_ha1/gclk.o
 .debug_macro   0x000195a7      0x50e src/ASF/sam0/drivers/system/pinmux/pinmux.o
 .debug_macro   0x00019ab5       0x12 src/ASF/sam0/drivers/system/pinmux/pinmux.o
 .debug_macro   0x00019ac7      0x541 src/ASF/sam0/drivers/system/system.o
 .debug_macro   0x0001a008      0x2e5 src/ASF/sam0/utils/cmsis/samd21/source/gcc/startup_samd21.o
 .debug_macro   0x0001a2ed       0x3a src/ASF/sam0/utils/cmsis/samd21/source/gcc/startup_samd21.o
 .debug_macro   0x0001a327      0x4fe src/ASF/sam0/utils/stdio/read.o
 .debug_macro   0x0001a825      0x4fe src/ASF/sam0/utils/stdio/write.o
 .debug_macro   0x0001ad23      0x1d6 src/ASF/sam0/utils/syscalls/gcc/syscalls.o
 .debug_macro   0x0001aef9       0x97 src/ASF/sam0/utils/syscalls/gcc/syscalls.o
 .debug_macro   0x0001af90       0xf6 src/ASF/sam0/utils/syscalls/gcc/syscalls.o
 .debug_macro   0x0001b086       0x16 src/ASF/sam0/utils/syscalls/gcc/syscalls.o
 .debug_macro   0x0001b09c       0x10 src/ASF/sam0/utils/syscalls/gcc/syscalls.o
 .debug_macro   0x0001b0ac       0x10 src/ASF/sam0/utils/syscalls/gcc/syscalls.o
 .debug_macro   0x0001b0bc       0x35 src/ASF/sam0/utils/syscalls/gcc/syscalls.o
 .debug_macro   0x0001b0f1      0x122 src/ASF/sam0/utils/syscalls/gcc/syscalls.o
 .debug_macro   0x0001b213      0x7c5 src/BootMain.o
 .debug_macro   0x0001b9d8       0x34 src/BootMain.o

.debug_line     0x00000000     0xe1e3
 .debug_line    0x00000000      0x9bc src/ASF/common2/services/delay/sam0/systick_counter.o
 .debug_line    0x000009bc      0xfc1 src/Systick/Systick.o
 .debug_line    0x0000197d      0x982 src/ASF/sam0/boards/board_init.o
 .debug_line    0x000022ff      0xde9 src/ASF/sam0/drivers/nvm/nvm.o
 .debug_line    0x000030e8      0x417 src/SerialConsole/circular_buffer.o
 .debug_line    0x000034ff     0x1139 src/SerialConsole/SerialConsole.o
 .debug_line    0x00004638      0x8c5 src/ASF/common/utils/interrupt/interrupt_sam_nvic.o
 .debug_line    0x00004efd      0x8f2 src/ASF/sam0/drivers/port/port.o
 .debug_line    0x000057ef      0xbcb src/ASF/sam0/drivers/sercom/sercom.o
 .debug_line    0x000063ba      0xb6f src/ASF/sam0/drivers/sercom/sercom_interrupt.o
 .debug_line    0x00006f29      0xd36 src/ASF/sam0/drivers/sercom/usart/usart.o
 .debug_line    0x00007c5f      0xcc4 src/ASF/sam0/drivers/sercom/usart/usart_interrupt.o
 .debug_line    0x00008923      0xcb5 src/ASF/sam0/drivers/system/clock/clock_samd21_r21_da_ha1/clock.o
 .debug_line    0x000095d8      0xc6e src/ASF/sam0/drivers/system/clock/clock_samd21_r21_da_ha1/gclk.o
 .debug_line    0x0000a246      0x93f src/ASF/sam0/drivers/system/pinmux/pinmux.o
 .debug_line    0x0000ab85      0x9e9 src/ASF/sam0/drivers/system/system.o
 .debug_line    0x0000b56e      0x644 src/ASF/sam0/utils/cmsis/samd21/source/gcc/startup_samd21.o
 .debug_line    0x0000bbb2      0x8a3 src/ASF/sam0/utils/stdio/read.o
 .debug_line    0x0000c455      0x897 src/ASF/sam0/utils/stdio/write.o
 .debug_line    0x0000ccec      0x409 src/ASF/sam0/utils/syscalls/gcc/syscalls.o
 .debug_line    0x0000d0f5     0x10ee src/BootMain.o

.debug_str      0x00000000    0x90b3d
 .debug_str     0x00000000    0x7f7bb src/ASF/common2/services/delay/sam0/systick_counter.o
                              0x80094 (size before relaxing)
 .debug_str     0x0007f7bb     0x5ea6 src/Systick/Systick.o
                              0x85e8c (size before relaxing)
 .debug_str     0x00085661      0x33a src/ASF/sam0/boards/board_init.o
                              0x829d0 (size before relaxing)
 .debug_str     0x0008599b     0x1252 src/ASF/sam0/drivers/nvm/nvm.o
                              0x8163a (size before relaxing)
 .debug_str     0x00086bed      0x1d5 src/SerialConsole/circular_buffer.o
                               0x67ab (size before relaxing)
 .debug_str     0x00086dc2     0x159c src/SerialConsole/SerialConsole.o
                              0x877e4 (size before relaxing)
 .debug_str     0x0008835e       0x66 src/ASF/common/utils/interrupt/interrupt_sam_nvic.o
                              0x7fe84 (size before relaxing)
 .debug_str     0x000883c4       0xaa src/ASF/sam0/drivers/port/port.o
                              0x802b0 (size before relaxing)
 .debug_str     0x0008846e      0x41f src/ASF/sam0/drivers/sercom/sercom.o
                              0x81565 (size before relaxing)
 .debug_str     0x0008888d      0x17b src/ASF/sam0/drivers/sercom/sercom_interrupt.o
                              0x813c8 (size before relaxing)
 .debug_str     0x00088a08      0x382 src/ASF/sam0/drivers/sercom/usart/usart.o
                              0x82330 (size before relaxing)
 .debug_str     0x00088d8a       0xef src/ASF/sam0/drivers/sercom/usart/usart_interrupt.o
                              0x81576 (size before relaxing)
 .debug_str     0x00088e79     0x1673 src/ASF/sam0/drivers/system/clock/clock_samd21_r21_da_ha1/clock.o
                              0x83111 (size before relaxing)
 .debug_str     0x0008a4ec      0x1e3 src/ASF/sam0/drivers/system/clock/clock_samd21_r21_da_ha1/gclk.o
                              0x80b47 (size before relaxing)
 .debug_str     0x0008a6cf      0x179 src/ASF/sam0/drivers/system/pinmux/pinmux.o
                              0x80326 (size before relaxing)
 .debug_str     0x0008a848       0x47 src/ASF/sam0/drivers/system/system.o
                              0x7ff61 (size before relaxing)
 .debug_str     0x0008a88f      0xef2 src/ASF/sam0/utils/cmsis/samd21/source/gcc/startup_samd21.o
                              0x6b36a (size before relaxing)
 .debug_str     0x0008b781       0x2a src/ASF/sam0/utils/stdio/read.o
                              0x7fe2b (size before relaxing)
 .debug_str     0x0008b7ab       0x24 src/ASF/sam0/utils/stdio/write.o
                              0x7fe2c (size before relaxing)
 .debug_str     0x0008b7cf      0x68d src/ASF/sam0/utils/syscalls/gcc/syscalls.o
                               0x7426 (size before relaxing)
 .debug_str     0x0008be5c     0x4ce1 src/BootMain.o
                              0x8bc9c (size before relaxing)

.debug_frame    0x00000000     0x12d8
 .debug_frame   0x00000000       0x64 src/ASF/common2/services/delay/sam0/systick_counter.o
 .debug_frame   0x00000064       0x48 src/Systick/Systick.o
 .debug_frame   0x000000ac       0x30 src/ASF/sam0/boards/board_init.o
 .debug_frame   0x000000dc      0x12c src/ASF/sam0/drivers/nvm/nvm.o
 .debug_frame   0x00000208       0xf8 src/SerialConsole/circular_buffer.o
 .debug_frame   0x00000300      0x12c src/SerialConsole/SerialConsole.o
 .debug_frame   0x0000042c       0x30 src/ASF/common/utils/interrupt/interrupt_sam_nvic.o
 .debug_frame   0x0000045c       0x44 src/ASF/sam0/drivers/port/port.o
 .debug_frame   0x000004a0       0xbc src/ASF/sam0/drivers/sercom/sercom.o
 .debug_frame   0x0000055c       0xe8 src/ASF/sam0/drivers/sercom/sercom_interrupt.o
 .debug_frame   0x00000644       0xac src/ASF/sam0/drivers/sercom/usart/usart.o
 .debug_frame   0x000006f0      0x110 src/ASF/sam0/drivers/sercom/usart/usart_interrupt.o
 .debug_frame   0x00000800      0x150 src/ASF/sam0/drivers/system/clock/clock_samd21_r21_da_ha1/clock.o
 .debug_frame   0x00000950      0x148 src/ASF/sam0/drivers/system/clock/clock_samd21_r21_da_ha1/gclk.o
 .debug_frame   0x00000a98       0x98 src/ASF/sam0/drivers/system/pinmux/pinmux.o
 .debug_frame   0x00000b30       0x38 src/ASF/sam0/drivers/system/system.o
 .debug_frame   0x00000b68       0x40 src/ASF/sam0/utils/cmsis/samd21/source/gcc/startup_samd21.o
 .debug_frame   0x00000ba8       0x34 src/ASF/sam0/utils/stdio/read.o
 .debug_frame   0x00000bdc       0x34 src/ASF/sam0/utils/stdio/write.o
 .debug_frame   0x00000c10       0xa0 src/ASF/sam0/utils/syscalls/gcc/syscalls.o
 .debug_frame   0x00000cb0       0x34 src/BootMain.o
 .debug_frame   0x00000ce4       0x20 c:/program files (x86)/atmel/studio/7.0/toolchain/arm/arm-gnu-toolchain/bin/../lib/gcc/arm-none-eabi/6.3.1/thumb/v6-m\libgcc.a(_udivsi3.o)
 .debug_frame   0x00000d04       0x34 c:/program files (x86)/atmel/studio/7.0/toolchain/arm/arm-gnu-toolchain/bin/../lib/gcc/arm-none-eabi/6.3.1/thumb/v6-m\libgcc.a(_muldi3.o)
 .debug_frame   0x00000d38       0x2c c:/program files (x86)/atmel/studio/7.0/toolchain/arm/arm-gnu-toolchain/bin/../lib/gcc/arm-none-eabi/6.3.1/../../../../arm-none-eabi/lib/thumb/v6-m\libc_nano.a(lib_a-init.o)
 .debug_frame   0x00000d64       0x40 c:/program files (x86)/atmel/studio/7.0/toolchain/arm/arm-gnu-toolchain/bin/../lib/gcc/arm-none-eabi/6.3.1/../../../../arm-none-eabi/lib/thumb/v6-m\libc_nano.a(lib_a-malloc.o)
 .debug_frame   0x00000da4       0x20 c:/program files (x86)/atmel/studio/7.0/toolchain/arm/arm-gnu-toolchain/bin/../lib/gcc/arm-none-eabi/6.3.1/../../../../arm-none-eabi/lib/thumb/v6-m\libc_nano.a(lib_a-memset.o)
 .debug_frame   0x00000dc4       0x2c c:/program files (x86)/atmel/studio/7.0/toolchain/arm/arm-gnu-toolchain/bin/../lib/gcc/arm-none-eabi/6.3.1/../../../../arm-none-eabi/lib/thumb/v6-m\libc_nano.a(lib_a-nano-freer.o)
 .debug_frame   0x00000df0       0x2c c:/program files (x86)/atmel/studio/7.0/toolchain/arm/arm-gnu-toolchain/bin/../lib/gcc/arm-none-eabi/6.3.1/../../../../arm-none-eabi/lib/thumb/v6-m\libc_nano.a(lib_a-nano-mallocr.o)
 .debug_frame   0x00000e1c       0x2c c:/program files (x86)/atmel/studio/7.0/toolchain/arm/arm-gnu-toolchain/bin/../lib/gcc/arm-none-eabi/6.3.1/../../../../arm-none-eabi/lib/thumb/v6-m\libc_nano.a(lib_a-sbrkr.o)
 .debug_frame   0x00000e48       0x28 c:/program files (x86)/atmel/studio/7.0/toolchain/arm/arm-gnu-toolchain/bin/../lib/gcc/arm-none-eabi/6.3.1/../../../../arm-none-eabi/lib/thumb/v6-m\libc_nano.a(lib_a-setbuf.o)
 .debug_frame   0x00000e70       0x30 c:/program files (x86)/atmel/studio/7.0/toolchain/arm/arm-gnu-toolchain/bin/../lib/gcc/arm-none-eabi/6.3.1/../../../../arm-none-eabi/lib/thumb/v6-m\libc_nano.a(lib_a-setvbuf.o)
 .debug_frame   0x00000ea0       0x68 c:/program files (x86)/atmel/studio/7.0/toolchain/arm/arm-gnu-toolchain/bin/../lib/gcc/arm-none-eabi/6.3.1/../../../../arm-none-eabi/lib/thumb/v6-m\libc_nano.a(lib_a-fflush.o)
 .debug_frame   0x00000f08      0x140 c:/program files (x86)/atmel/studio/7.0/toolchain/arm/arm-gnu-toolchain/bin/../lib/gcc/arm-none-eabi/6.3.1/../../../../arm-none-eabi/lib/thumb/v6-m\libc_nano.a(lib_a-findfp.o)
 .debug_frame   0x00001048       0x58 c:/program files (x86)/atmel/studio/7.0/toolchain/arm/arm-gnu-toolchain/bin/../lib/gcc/arm-none-eabi/6.3.1/../../../../arm-none-eabi/lib/thumb/v6-m\libc_nano.a(lib_a-fwalk.o)
 .debug_frame   0x000010a0       0x54 c:/program files (x86)/atmel/studio/7.0/toolchain/arm/arm-gnu-toolchain/bin/../lib/gcc/arm-none-eabi/6.3.1/../../../../arm-none-eabi/lib/thumb/v6-m\libc_nano.a(lib_a-makebuf.o)
 .debug_frame   0x000010f4       0x30 c:/program files (x86)/atmel/studio/7.0/toolchain/arm/arm-gnu-toolchain/bin/../lib/gcc/arm-none-eabi/6.3.1/../../../../arm-none-eabi/lib/thumb/v6-m\libc_nano.a(lib_a-mlock.o)
 .debug_frame   0x00001124       0x48 c:/program files (x86)/atmel/studio/7.0/toolchain/arm/arm-gnu-toolchain/bin/../lib/gcc/arm-none-eabi/6.3.1/../../../../arm-none-eabi/lib/thumb/v6-m\libc_nano.a(lib_a-reent.o)
 .debug_frame   0x0000116c       0x90 c:/program files (x86)/atmel/studio/7.0/toolchain/arm/arm-gnu-toolchain/bin/../lib/gcc/arm-none-eabi/6.3.1/../../../../arm-none-eabi/lib/thumb/v6-m\libc_nano.a(lib_a-stdio.o)
 .debug_frame   0x000011fc       0x2c c:/program files (x86)/atmel/studio/7.0/toolchain/arm/arm-gnu-toolchain/bin/../lib/gcc/arm-none-eabi/6.3.1/../../../../arm-none-eabi/lib/thumb/v6-m\libc_nano.a(lib_a-writer.o)
 .debug_frame   0x00001228       0x2c c:/program files (x86)/atmel/studio/7.0/toolchain/arm/arm-gnu-toolchain/bin/../lib/gcc/arm-none-eabi/6.3.1/../../../../arm-none-eabi/lib/thumb/v6-m\libc_nano.a(lib_a-closer.o)
 .debug_frame   0x00001254       0x2c c:/program files (x86)/atmel/studio/7.0/toolchain/arm/arm-gnu-toolchain/bin/../lib/gcc/arm-none-eabi/6.3.1/../../../../arm-none-eabi/lib/thumb/v6-m\libc_nano.a(lib_a-fstatr.o)
 .debug_frame   0x00001280       0x2c c:/program files (x86)/atmel/studio/7.0/toolchain/arm/arm-gnu-toolchain/bin/../lib/gcc/arm-none-eabi/6.3.1/../../../../arm-none-eabi/lib/thumb/v6-m\libc_nano.a(lib_a-lseekr.o)
 .debug_frame   0x000012ac       0x2c c:/program files (x86)/atmel/studio/7.0/toolchain/arm/arm-gnu-toolchain/bin/../lib/gcc/arm-none-eabi/6.3.1/../../../../arm-none-eabi/lib/thumb/v6-m\libc_nano.a(lib_a-readr.o)
